../Drivers/OLED/ssd1306.c:8:6:ssd1306_Reset	4	static
../Drivers/OLED/ssd1306.c:13:6:ssd1306_WriteCommand	32	static
../Drivers/OLED/ssd1306.c:18:6:ssd1306_WriteData	32	static
../Drivers/OLED/ssd1306.c:63:17:ssd1306_FillBuffer	24	static
../Drivers/OLED/ssd1306.c:73:6:ssd1306_Init	8	static
../Drivers/OLED/ssd1306.c:175:6:ssd1306_Fill	16	static
../Drivers/OLED/ssd1306.c:180:6:ssd1306_UpdateScreen	16	static
../Drivers/OLED/ssd1306.c:201:6:ssd1306_DrawPixel	16	static
../Drivers/OLED/ssd1306.c:222:6:ssd1306_WriteChar	48	static
../Drivers/OLED/ssd1306.c:267:6:ssd1306_WriteString	32	static
../Drivers/OLED/ssd1306.c:280:6:ssd1306_ScrollString	168	static
../Drivers/OLED/ssd1306.c:307:6:ssd1306_SetCursor	16	static
../Drivers/OLED/ssd1306.c:313:6:ssd1306_Line	48	static
../Drivers/OLED/ssd1306.c:339:6:ssd1306_DrawArrow	32	static
../Drivers/OLED/ssd1306.c:347:6:ssd1306_Polyline	40	static
../Drivers/OLED/ssd1306.c:361:14:ssd1306_DegToRad	16	static
../Drivers/OLED/ssd1306.c:366:17:ssd1306_NormalizeTo0_360	24	static
../Drivers/OLED/ssd1306.c:382:6:ssd1306_DrawArc	64	static
../Drivers/OLED/ssd1306.c:422:6:ssd1306_DrawArcWithRadiusLine	72	static
../Drivers/OLED/ssd1306.c:465:6:ssd1306_DrawCircle	40	static
../Drivers/OLED/ssd1306.c:500:6:ssd1306_FillCircle	48	static
../Drivers/OLED/ssd1306.c:536:6:ssd1306_DrawRectangle	32	static
../Drivers/OLED/ssd1306.c:546:6:ssd1306_FillRectangle	32	static
../Drivers/OLED/ssd1306.c:560:17:ssd1306_InvertRectangle	32	static
../Drivers/OLED/ssd1306.c:591:6:ssd1306_DrawBitmap	24	static
../Drivers/OLED/ssd1306.c:615:6:ssd1306_SetContrast	24	static
../Drivers/OLED/ssd1306.c:621:6:ssd1306_SetDisplayOn	24	static
../Drivers/OLED/ssd1306.c:633:9:ssd1306_GetDisplayOn	4	static
