Archive member included to satisfy reference by file (symbol)

C:/ST/STM32CubeIDE_1.14.1/STM32CubeIDE/plugins/com.st.stm32cube.ide.mcu.externaltools.gnu-tools-for-stm32.12.3.rel1.win32_1.0.200.202406191623/tools/bin/../lib/gcc/arm-none-eabi/12.3.1/../../../../arm-none-eabi/lib/thumb/v7e-m+fp/hard\libc_nano.a(libc_a-exit.o)
                              C:/ST/STM32CubeIDE_1.14.1/STM32CubeIDE/plugins/com.st.stm32cube.ide.mcu.externaltools.gnu-tools-for-stm32.12.3.rel1.win32_1.0.200.202406191623/tools/bin/../lib/gcc/arm-none-eabi/12.3.1/../../../../arm-none-eabi/lib/thumb/v7e-m+fp/hard/crt0.o (exit)
C:/ST/STM32CubeIDE_1.14.1/STM32CubeIDE/plugins/com.st.stm32cube.ide.mcu.externaltools.gnu-tools-for-stm32.12.3.rel1.win32_1.0.200.202406191623/tools/bin/../lib/gcc/arm-none-eabi/12.3.1/../../../../arm-none-eabi/lib/thumb/v7e-m+fp/hard\libc_nano.a(libc_a-findfp.o)
                              C:/ST/STM32CubeIDE_1.14.1/STM32CubeIDE/plugins/com.st.stm32cube.ide.mcu.externaltools.gnu-tools-for-stm32.12.3.rel1.win32_1.0.200.202406191623/tools/bin/../lib/gcc/arm-none-eabi/12.3.1/../../../../arm-none-eabi/lib/thumb/v7e-m+fp/hard\libc_nano.a(libc_a-exit.o) (__stdio_exit_handler)
C:/ST/STM32CubeIDE_1.14.1/STM32CubeIDE/plugins/com.st.stm32cube.ide.mcu.externaltools.gnu-tools-for-stm32.12.3.rel1.win32_1.0.200.202406191623/tools/bin/../lib/gcc/arm-none-eabi/12.3.1/../../../../arm-none-eabi/lib/thumb/v7e-m+fp/hard\libc_nano.a(libc_a-fwalk.o)
                              C:/ST/STM32CubeIDE_1.14.1/STM32CubeIDE/plugins/com.st.stm32cube.ide.mcu.externaltools.gnu-tools-for-stm32.12.3.rel1.win32_1.0.200.202406191623/tools/bin/../lib/gcc/arm-none-eabi/12.3.1/../../../../arm-none-eabi/lib/thumb/v7e-m+fp/hard\libc_nano.a(libc_a-findfp.o) (_fwalk_sglue)
C:/ST/STM32CubeIDE_1.14.1/STM32CubeIDE/plugins/com.st.stm32cube.ide.mcu.externaltools.gnu-tools-for-stm32.12.3.rel1.win32_1.0.200.202406191623/tools/bin/../lib/gcc/arm-none-eabi/12.3.1/../../../../arm-none-eabi/lib/thumb/v7e-m+fp/hard\libc_nano.a(libc_a-snprintf.o)
                              ./Drivers/OLED/ssd1306_tests.o (snprintf)
C:/ST/STM32CubeIDE_1.14.1/STM32CubeIDE/plugins/com.st.stm32cube.ide.mcu.externaltools.gnu-tools-for-stm32.12.3.rel1.win32_1.0.200.202406191623/tools/bin/../lib/gcc/arm-none-eabi/12.3.1/../../../../arm-none-eabi/lib/thumb/v7e-m+fp/hard\libc_nano.a(libc_a-sprintf.o)
                              ./Core/Src/middlewares/draw_ui_icons.o (sprintf)
C:/ST/STM32CubeIDE_1.14.1/STM32CubeIDE/plugins/com.st.stm32cube.ide.mcu.externaltools.gnu-tools-for-stm32.12.3.rel1.win32_1.0.200.202406191623/tools/bin/../lib/gcc/arm-none-eabi/12.3.1/../../../../arm-none-eabi/lib/thumb/v7e-m+fp/hard\libc_nano.a(libc_a-stdio.o)
                              C:/ST/STM32CubeIDE_1.14.1/STM32CubeIDE/plugins/com.st.stm32cube.ide.mcu.externaltools.gnu-tools-for-stm32.12.3.rel1.win32_1.0.200.202406191623/tools/bin/../lib/gcc/arm-none-eabi/12.3.1/../../../../arm-none-eabi/lib/thumb/v7e-m+fp/hard\libc_nano.a(libc_a-findfp.o) (__sread)
C:/ST/STM32CubeIDE_1.14.1/STM32CubeIDE/plugins/com.st.stm32cube.ide.mcu.externaltools.gnu-tools-for-stm32.12.3.rel1.win32_1.0.200.202406191623/tools/bin/../lib/gcc/arm-none-eabi/12.3.1/../../../../arm-none-eabi/lib/thumb/v7e-m+fp/hard\libc_nano.a(libc_a-memmove.o)
                              ./Drivers/OLED/ssd1306_tests.o (memmove)
C:/ST/STM32CubeIDE_1.14.1/STM32CubeIDE/plugins/com.st.stm32cube.ide.mcu.externaltools.gnu-tools-for-stm32.12.3.rel1.win32_1.0.200.202406191623/tools/bin/../lib/gcc/arm-none-eabi/12.3.1/../../../../arm-none-eabi/lib/thumb/v7e-m+fp/hard\libc_nano.a(libc_a-memset.o)
                              C:/ST/STM32CubeIDE_1.14.1/STM32CubeIDE/plugins/com.st.stm32cube.ide.mcu.externaltools.gnu-tools-for-stm32.12.3.rel1.win32_1.0.200.202406191623/tools/bin/../lib/gcc/arm-none-eabi/12.3.1/../../../../arm-none-eabi/lib/thumb/v7e-m+fp/hard/crt0.o (memset)
C:/ST/STM32CubeIDE_1.14.1/STM32CubeIDE/plugins/com.st.stm32cube.ide.mcu.externaltools.gnu-tools-for-stm32.12.3.rel1.win32_1.0.200.202406191623/tools/bin/../lib/gcc/arm-none-eabi/12.3.1/../../../../arm-none-eabi/lib/thumb/v7e-m+fp/hard\libc_nano.a(libc_a-closer.o)
                              C:/ST/STM32CubeIDE_1.14.1/STM32CubeIDE/plugins/com.st.stm32cube.ide.mcu.externaltools.gnu-tools-for-stm32.12.3.rel1.win32_1.0.200.202406191623/tools/bin/../lib/gcc/arm-none-eabi/12.3.1/../../../../arm-none-eabi/lib/thumb/v7e-m+fp/hard\libc_nano.a(libc_a-stdio.o) (_close_r)
C:/ST/STM32CubeIDE_1.14.1/STM32CubeIDE/plugins/com.st.stm32cube.ide.mcu.externaltools.gnu-tools-for-stm32.12.3.rel1.win32_1.0.200.202406191623/tools/bin/../lib/gcc/arm-none-eabi/12.3.1/../../../../arm-none-eabi/lib/thumb/v7e-m+fp/hard\libc_nano.a(libc_a-reent.o)
[...]
Memory Configuration

Name             Origin             Length             Attributes
RAM              0x20000000         0x00020000         xrw
FLASH            0x08000000         0x00080000         xr
*default*        0x00000000         0xffffffff

Linker script and memory map

LOAD C:/ST/STM32CubeIDE_1.14.1/STM32CubeIDE/plugins/com.st.stm32cube.ide.mcu.externaltools.gnu-tools-for-stm32.12.3.rel1.win32_1.0.200.202406191623/tools/bin/../lib/gcc/arm-none-eabi/12.3.1/thumb/v7e-m+fp/hard/crti.o
LOAD C:/ST/STM32CubeIDE_1.14.1/STM32CubeIDE/plugins/com.st.stm32cube.ide.mcu.externaltools.gnu-tools-for-stm32.12.3.rel1.win32_1.0.200.202406191623/tools/bin/../lib/gcc/arm-none-eabi/12.3.1/thumb/v7e-m+fp/hard/crtbegin.o
LOAD C:/ST/STM32CubeIDE_1.14.1/STM32CubeIDE/plugins/com.st.stm32cube.ide.mcu.externaltools.gnu-tools-for-stm32.12.3.rel1.win32_1.0.200.202406191623/tools/bin/../lib/gcc/arm-none-eabi/12.3.1/../../../../arm-none-eabi/lib/thumb/v7e-m+fp/hard/crt0.o
LOAD ./Core/Src/bsp/bsp_dfplayer.o
LOAD ./Core/Src/bsp/bsp_gpio.o
LOAD ./Core/Src/bsp/bsp_i2c.o
LOAD ./Core/Src/bsp/bsp_rotation_sensor.o
LOAD ./Core/Src/bsp/bsp_timer.o
LOAD ./Core/Src/driver/drv_button.o
LOAD ./Core/Src/driver/drv_dfplayer.o
LOAD ./Core/Src/driver/drv_rotation_sensor.o
LOAD ./Core/Src/driver/drv_ssd1306.o
LOAD ./Core/Src/main.o
LOAD ./Core/Src/stm32f4xx_hal_msp.o
LOAD ./Core/Src/stm32f4xx_it.o
LOAD ./Core/Src/syscalls.o
LOAD ./Core/Src/sysmem.o
LOAD ./Core/Src/system_stm32f4xx.o
LOAD ./Core/Src/middlewares/draw_ui_icons.o
LOAD ./Core/Src/middlewares/fonts.o
LOAD ./Core/Src/middlewares/list_song.o
LOAD ./Core/Src/sys/system_display.o
LOAD ./Core/Src/sys/system_manager.o
LOAD ./Core/Startup/startup_stm32f411vetx.o
LOAD ./Drivers/OLED/ssd1306.o
LOAD ./Drivers/OLED/ssd1306_fonts.o
LOAD ./Drivers/OLED/ssd1306_tests.o
LOAD ./Drivers/STM32F4xx_HAL_Driver/Src/stm32f4xx_hal.o
LOAD ./Drivers/STM32F4xx_HAL_Driver/Src/stm32f4xx_hal_adc.o
LOAD ./Drivers/STM32F4xx_HAL_Driver/Src/stm32f4xx_hal_adc_ex.o
LOAD ./Drivers/STM32F4xx_HAL_Driver/Src/stm32f4xx_hal_cortex.o
LOAD ./Drivers/STM32F4xx_HAL_Driver/Src/stm32f4xx_hal_dma.o
LOAD ./Drivers/STM32F4xx_HAL_Driver/Src/stm32f4xx_hal_dma_ex.o
LOAD ./Drivers/STM32F4xx_HAL_Driver/Src/stm32f4xx_hal_exti.o
LOAD ./Drivers/STM32F4xx_HAL_Driver/Src/stm32f4xx_hal_flash.o
LOAD ./Drivers/STM32F4xx_HAL_Driver/Src/stm32f4xx_hal_flash_ex.o
LOAD ./Drivers/STM32F4xx_HAL_Driver/Src/stm32f4xx_hal_flash_ramfunc.o
LOAD ./Drivers/STM32F4xx_HAL_Driver/Src/stm32f4xx_hal_gpio.o
LOAD ./Drivers/STM32F4xx_HAL_Driver/Src/stm32f4xx_hal_i2c.o
LOAD ./Drivers/STM32F4xx_HAL_Driver/Src/stm32f4xx_hal_i2c_ex.o
LOAD ./Drivers/STM32F4xx_HAL_Driver/Src/stm32f4xx_hal_pwr.o
LOAD ./Drivers/STM32F4xx_HAL_Driver/Src/stm32f4xx_hal_pwr_ex.o
LOAD ./Drivers/STM32F4xx_HAL_Driver/Src/stm32f4xx_hal_rcc.o
LOAD ./Drivers/STM32F4xx_HAL_Driver/Src/stm32f4xx_hal_rcc_ex.o
LOAD ./Drivers/STM32F4xx_HAL_Driver/Src/stm32f4xx_hal_tim.o
LOAD ./Drivers/STM32F4xx_HAL_Driver/Src/stm32f4xx_hal_tim_ex.o
LOAD ./Drivers/STM32F4xx_HAL_Driver/Src/stm32f4xx_hal_uart.o
LOAD ./Drivers/STM32F4xx_HAL_Driver/Src/stm32f4xx_ll_adc.o
START GROUP
LOAD C:/ST/STM32CubeIDE_1.14.1/STM32CubeIDE/plugins/com.st.stm32cube.ide.mcu.externaltools.gnu-tools-for-stm32.12.3.rel1.win32_1.0.200.202406191623/tools/bin/../lib/gcc/arm-none-eabi/12.3.1/../../../../arm-none-eabi/lib/thumb/v7e-m+fp/hard\libc_nano.a
LOAD C:/ST/STM32CubeIDE_1.14.1/STM32CubeIDE/plugins/com.st.stm32cube.ide.mcu.externaltools.gnu-tools-for-stm32.12.3.rel1.win32_1.0.200.202406191623/tools/bin/../lib/gcc/arm-none-eabi/12.3.1/../../../../arm-none-eabi/lib/thumb/v7e-m+fp/hard\libm.a
END GROUP
START GROUP
LOAD C:/ST/STM32CubeIDE_1.14.1/STM32CubeIDE/plugins/com.st.stm32cube.ide.mcu.externaltools.gnu-tools-for-stm32.12.3.rel1.win32_1.0.200.202406191623/tools/bin/../lib/gcc/arm-none-eabi/12.3.1/thumb/v7e-m+fp/hard\libgcc.a
LOAD C:/ST/STM32CubeIDE_1.14.1/STM32CubeIDE/plugins/com.st.stm32cube.ide.mcu.externaltools.gnu-tools-for-stm32.12.3.rel1.win32_1.0.200.202406191623/tools/bin/../lib/gcc/arm-none-eabi/12.3.1/../../../../arm-none-eabi/lib/thumb/v7e-m+fp/hard\libc_nano.a
END GROUP
START GROUP
LOAD C:/ST/STM32CubeIDE_1.14.1/STM32CubeIDE/plugins/com.st.stm32cube.ide.mcu.externaltools.gnu-tools-for-stm32.12.3.rel1.win32_1.0.200.202406191623/tools/bin/../lib/gcc/arm-none-eabi/12.3.1/thumb/v7e-m+fp/hard\libgcc.a
LOAD C:/ST/STM32CubeIDE_1.14.1/STM32CubeIDE/plugins/com.st.stm32cube.ide.mcu.externaltools.gnu-tools-for-stm32.12.3.rel1.win32_1.0.200.202406191623/tools/bin/../lib/gcc/arm-none-eabi/12.3.1/../../../../arm-none-eabi/lib/thumb/v7e-m+fp/hard\libc_nano.a
LOAD C:/ST/STM32CubeIDE_1.14.1/STM32CubeIDE/plugins/com.st.stm32cube.ide.mcu.externaltools.gnu-tools-for-stm32.12.3.rel1.win32_1.0.200.202406191623/tools/bin/../lib/gcc/arm-none-eabi/12.3.1/../../../../arm-none-eabi/lib/thumb/v7e-m+fp/hard\libnosys.a
END GROUP
START GROUP
LOAD C:/ST/STM32CubeIDE_1.14.1/STM32CubeIDE/plugins/com.st.stm32cube.ide.mcu.externaltools.gnu-tools-for-stm32.12.3.rel1.win32_1.0.200.202406191623/tools/bin/../lib/gcc/arm-none-eabi/12.3.1/thumb/v7e-m+fp/hard\libgcc.a
LOAD C:/ST/STM32CubeIDE_1.14.1/STM32CubeIDE/plugins/com.st.stm32cube.ide.mcu.externaltools.gnu-tools-for-stm32.12.3.rel1.win32_1.0.200.202406191623/tools/bin/../lib/gcc/arm-none-eabi/12.3.1/../../../../arm-none-eabi/lib/thumb/v7e-m+fp/hard\libc_nano.a
LOAD C:/ST/STM32CubeIDE_1.14.1/STM32CubeIDE/plugins/com.st.stm32cube.ide.mcu.externaltools.gnu-tools-for-stm32.12.3.rel1.win32_1.0.200.202406191623/tools/bin/../lib/gcc/arm-none-eabi/12.3.1/../../../../arm-none-eabi/lib/thumb/v7e-m+fp/hard\libnosys.a
END GROUP
LOAD C:/ST/STM32CubeIDE_1.14.1/STM32CubeIDE/plugins/com.st.stm32cube.ide.mcu.externaltools.gnu-tools-for-stm32.12.3.rel1.win32_1.0.200.202406191623/tools/bin/../lib/gcc/arm-none-eabi/12.3.1/thumb/v7e-m+fp/hard/crtend.o
LOAD C:/ST/STM32CubeIDE_1.14.1/STM32CubeIDE/plugins/com.st.stm32cube.ide.mcu.externaltools.gnu-tools-for-stm32.12.3.rel1.win32_1.0.200.202406191623/tools/bin/../lib/gcc/arm-none-eabi/12.3.1/thumb/v7e-m+fp/hard/crtn.o
                0x20020000                        _estack = (ORIGIN (RAM) + LENGTH (RAM))
                0x00000200                        _Min_Heap_Size = 0x200
                0x00000400                        _Min_Stack_Size = 0x400

.isr_vector     0x08000000      0x198
                0x08000000                        . = ALIGN (0x4)
 *(.isr_vector)
 .isr_vector    0x08000000      0x198 ./Core/Startup/startup_stm32f411vetx.o
                0x08000000                g_pfnVectors
                0x08000198                        . = ALIGN (0x4)

.text           0x080001a0     0x97b8
                0x080001a0                        . = ALIGN (0x4)
 *(.text)
 .text          0x080001a0       0x40 C:/ST/STM32CubeIDE_1.14.1/STM32CubeIDE/plugins/com.st.stm32cube.ide.mcu.externaltools.gnu-tools-for-stm32.12.3.rel1.win32_1.0.200.202406191623/tools/bin/../lib/gcc/arm-none-eabi/12.3.1/thumb/v7e-m+fp/hard/crtbegin.o
 .text          0x080001e0       0x10 C:/ST/STM32CubeIDE_1.14.1/STM32CubeIDE/plugins/com.st.stm32cube.ide.mcu.externaltools.gnu-tools-for-stm32.12.3.rel1.win32_1.0.200.202406191623/tools/bin/../lib/gcc/arm-none-eabi/12.3.1/../../../../arm-none-eabi/lib/thumb/v7e-m+fp/hard\libc_nano.a(libc_a-strlen.o)
                0x080001e0                strlen
 .text          0x080001f0       0xa0 C:/ST/STM32CubeIDE_1.14.1/STM32CubeIDE/plugins/com.st.stm32cube.ide.mcu.externaltools.gnu-tools-for-stm32.12.3.rel1.win32_1.0.200.202406191623/tools/bin/../lib/gcc/arm-none-eabi/12.3.1/../../../../arm-none-eabi/lib/thumb/v7e-m+fp/hard\libc_nano.a(libc_a-memchr.o)
                0x080001f0                memchr
 .text          0x08000290      0x378 C:/ST/STM32CubeIDE_1.14.1/STM32CubeIDE/plugins/com.st.stm32cube.ide.mcu.externaltools.gnu-tools-for-stm32.12.3.rel1.win32_1.0.200.202406191623/tools/bin/../lib/gcc/arm-none-eabi/12.3.1/thumb/v7e-m+fp/hard\libgcc.a(_arm_addsubdf3.o)
                0x08000290                __aeabi_drsub
                0x08000298                __aeabi_dsub
                0x08000298                __subdf3
                0x0800029c                __aeabi_dadd
                0x0800029c                __adddf3
                0x08000514                __floatunsidf
                0x08000514                __aeabi_ui2d
                0x08000534                __floatsidf
                0x08000534                __aeabi_i2d
                0x08000558                __aeabi_f2d
                0x08000558                __extendsfdf2
                0x0800059c                __floatundidf
                0x0800059c                __aeabi_ul2d
                0x080005ac                __floatdidf
                0x080005ac                __aeabi_l2d
 .text          0x08000608      0x424 C:/ST/STM32CubeIDE_1.14.1/STM32CubeIDE/plugins/com.st.stm32cube.ide.mcu.externaltools.gnu-tools-for-stm32.12.3.rel1.win32_1.0.200.202406191623/tools/bin/../lib/gcc/arm-none-eabi/12.3.1/thumb/v7e-m+fp/hard\libgcc.a(_arm_muldivdf3.o)
                0x08000608                __aeabi_dmul
                0x08000608                __muldf3
                0x0800085c                __divdf3
                0x0800085c                __aeabi_ddiv
 .text          0x08000a2c      0x110 C:/ST/STM32CubeIDE_1.14.1/STM32CubeIDE/plugins/com.st.stm32cube.ide.mcu.externaltools.gnu-tools-for-stm32.12.3.rel1.win32_1.0.200.202406191623/tools/bin/../lib/gcc/arm-none-eabi/12.3.1/thumb/v7e-m+fp/hard\libgcc.a(_arm_cmpdf2.o)
                0x08000a2c                __gtdf2
                0x08000a2c                __gedf2
                0x08000a34                __ltdf2
                0x08000a34                __ledf2
                0x08000a3c                __nedf2
                0x08000a3c                __eqdf2
                0x08000a3c                __cmpdf2
                0x08000ab8                __aeabi_cdrcmple
                0x08000ac8                __aeabi_cdcmpeq
                0x08000ac8                __aeabi_cdcmple
                0x08000ad8                __aeabi_dcmpeq
                0x08000aec                __aeabi_dcmplt
                0x08000b00                __aeabi_dcmple
                0x08000b14                __aeabi_dcmpge
                0x08000b28                __aeabi_dcmpgt
 .text          0x08000b3c       0x50 C:/ST/STM32CubeIDE_1.14.1/STM32CubeIDE/plugins/com.st.stm32cube.ide.mcu.externaltools.gnu-tools-for-stm32.12.3.rel1.win32_1.0.200.202406191623/tools/bin/../lib/gcc/arm-none-eabi/12.3.1/thumb/v7e-m+fp/hard\libgcc.a(_arm_fixdfsi.o)
                0x08000b3c                __aeabi_d2iz
                0x08000b3c                __fixdfsi
 .text          0x08000b8c       0x40 C:/ST/STM32CubeIDE_1.14.1/STM32CubeIDE/plugins/com.st.stm32cube.ide.mcu.externaltools.gnu-tools-for-stm32.12.3.rel1.win32_1.0.200.202406191623/tools/bin/../lib/gcc/arm-none-eabi/12.3.1/thumb/v7e-m+fp/hard\libgcc.a(_arm_fixunsdfsi.o)
                0x08000b8c                __aeabi_d2uiz
                0x08000b8c                __fixunsdfsi
 .text          0x08000bcc       0xa0 C:/ST/STM32CubeIDE_1.14.1/STM32CubeIDE/plugins/com.st.stm32cube.ide.mcu.externaltools.gnu-tools-for-stm32.12.3.rel1.win32_1.0.200.202406191623/tools/bin/../lib/gcc/arm-none-eabi/12.3.1/thumb/v7e-m+fp/hard\libgcc.a(_arm_truncdfsf2.o)
                0x08000bcc                __truncdfsf2
                0x08000bcc                __aeabi_d2f
 .text          0x08000c6c       0x30 C:/ST/STM32CubeIDE_1.14.1/STM32CubeIDE/plugins/com.st.stm32cube.ide.mcu.externaltools.gnu-tools-for-stm32.12.3.rel1.win32_1.0.200.202406191623/tools/bin/../lib/gcc/arm-none-eabi/12.3.1/thumb/v7e-m+fp/hard\libgcc.a(_aeabi_uldivmod.o)
                0x08000c6c                __aeabi_uldivmod
 .text          0x08000c9c      0x2bc C:/ST/STM32CubeIDE_1.14.1/STM32CubeIDE/plugins/com.st.stm32cube.ide.mcu.externaltools.gnu-tools-for-stm32.12.3.rel1.win32_1.0.200.202406191623/tools/bin/../lib/gcc/arm-none-eabi/12.3.1/thumb/v7e-m+fp/hard\libgcc.a(_udivmoddi4.o)
                0x08000c9c                __udivmoddi4
 .text          0x08000f58        0x4 C:/ST/STM32CubeIDE_1.14.1/STM32CubeIDE/plugins/com.st.stm32cube.ide.mcu.externaltools.gnu-tools-for-stm32.12.3.rel1.win32_1.0.200.202406191623/tools/bin/../lib/gcc/arm-none-eabi/12.3.1/thumb/v7e-m+fp/hard\libgcc.a(_dvmd_tls.o)
                0x08000f58                __aeabi_idiv0
                0x08000f58                __aeabi_ldiv0
 *(.text*)
 .text.bsp_transmit_data
                0x08000f5c       0x28 ./Core/Src/bsp/bsp_dfplayer.o
                0x08000f5c                bsp_transmit_data
 .text.HAL_UART_TxCpltCallback
                0x08000f84       0x38 ./Core/Src/bsp/bsp_dfplayer.o
                0x08000f84                HAL_UART_TxCpltCallback
 .text.HAL_UART_RxCpltCallback
                0x08000fbc       0x44 ./Core/Src/bsp/bsp_dfplayer.o
                0x08000fbc                HAL_UART_RxCpltCallback
 .text.bsp_gpio_read_pin
                0x08001000       0x2a ./Core/Src/bsp/bsp_gpio.o
                0x08001000                bsp_gpio_read_pin
 .text.bsp_i2c1_is_device_ready
                0x0800102a       0x36 ./Core/Src/bsp/bsp_i2c.o
                0x0800102a                bsp_i2c1_is_device_ready
 .text.bsp_i2c_write_mem
                0x08001060       0x5e ./Core/Src/bsp/bsp_i2c.o
                0x08001060                bsp_i2c_write_mem
 *fill*         0x080010be        0x2 
 .text.bsp_adc_start
                0x080010c0       0x14 ./Core/Src/bsp/bsp_rotation_sensor.o
                0x080010c0                bsp_adc_start
 .text.bsp_get_adc_value
                0x080010d4       0x1c ./Core/Src/bsp/bsp_rotation_sensor.o
                0x080010d4                bsp_get_adc_value
 .text.bsp_check_adc_flag
                0x080010f0       0x24 ./Core/Src/bsp/bsp_rotation_sensor.o
                0x080010f0                bsp_check_adc_flag
 .text.HAL_ADC_ConvCpltCallback
                0x08001114       0x58 ./Core/Src/bsp/bsp_rotation_sensor.o
                0x08001114                HAL_ADC_ConvCpltCallback
 .text.bsp_timer_init
                0x0800116c       0x14 ./Core/Src/bsp/bsp_timer.o
                0x0800116c                bsp_timer_init
 .text.bsp_delay
                0x08001180       0x16 ./Core/Src/bsp/bsp_timer.o
                0x08001180                bsp_delay
 *fill*         0x08001196        0x2 
 .text.HAL_TIM_PeriodElapsedCallback
                0x08001198       0x24 ./Core/Src/bsp/bsp_timer.o
                0x08001198                HAL_TIM_PeriodElapsedCallback
 .text.update_button_state
                0x080011bc       0xa8 ./Core/Src/driver/drv_button.o
                0x080011bc                update_button_state
 .text.get_key_input
                0x08001264       0x3c ./Core/Src/driver/drv_button.o
                0x08001264                get_key_input
 .text.is_button_pressed
                0x080012a0       0x48 ./Core/Src/driver/drv_button.o
                0x080012a0                is_button_pressed
 .text.is_button_held
                0x080012e8       0x48 ./Core/Src/driver/drv_button.o
                0x080012e8                is_button_held
 .text.HAL_GPIO_EXTI_Callback
                0x08001330       0x56 ./Core/Src/driver/drv_button.o
                0x08001330                HAL_GPIO_EXTI_Callback
 .text.dfplayer_track_play
                0x08001386       0x22 ./Core/Src/driver/drv_dfplayer.o
                0x08001386                dfplayer_track_play
 .text.dfplayer_track_pause
                0x080013a8       0x10 ./Core/Src/driver/drv_dfplayer.o
                0x080013a8                dfplayer_track_pause
 .text.dfplayer_track_play_continue
                0x080013b8       0x10 ./Core/Src/driver/drv_dfplayer.o
                0x080013b8                dfplayer_track_play_continue
 .text.dfplayer_normal_mode_play
                0x080013c8       0x10 ./Core/Src/driver/drv_dfplayer.o
                0x080013c8                dfplayer_normal_mode_play
 .text.dfplayer_repeat_mode_play
                0x080013d8       0x10 ./Core/Src/driver/drv_dfplayer.o
                0x080013d8                dfplayer_repeat_mode_play
 .text.dfplayer_random_mode_play
                0x080013e8       0x10 ./Core/Src/driver/drv_dfplayer.o
                0x080013e8                dfplayer_random_mode_play
 .text.dfplayer_adjust_volume
                0x080013f8       0x1e ./Core/Src/driver/drv_dfplayer.o
                0x080013f8                dfplayer_adjust_volume
 .text.dfplayer_init
                0x08001416       0x1e ./Core/Src/driver/drv_dfplayer.o
                0x08001416                dfplayer_init
 .text.dfplayer_cal_checksum
                0x08001434       0x34 ./Core/Src/driver/drv_dfplayer.o
 .text.dfplayer_send_command
                0x08001468       0x68 ./Core/Src/driver/drv_dfplayer.o
 .text.dfplayer_init_tf_card
                0x080014d0       0x10 ./Core/Src/driver/drv_dfplayer.o
 .text.rotation_sensor_init
                0x080014e0        0xc ./Core/Src/driver/drv_rotation_sensor.o
                0x080014e0                rotation_sensor_init
 .text.rotation_sensor_detect_volume_change
                0x080014ec        0xe ./Core/Src/driver/drv_rotation_sensor.o
                0x080014ec                rotation_sensor_detect_volume_change
 *fill*         0x080014fa        0x2 
 .text.rotation_sensor_get_volume
                0x080014fc       0x38 ./Core/Src/driver/drv_rotation_sensor.o
                0x080014fc                rotation_sensor_get_volume
 .text.drv_ssd1306_init
                0x08001534       0xf4 ./Core/Src/driver/drv_ssd1306.o
                0x08001534                drv_ssd1306_init
 .text.drv_ssd1306_write_command
                0x08001628       0x3c ./Core/Src/driver/drv_ssd1306.o
                0x08001628                drv_ssd1306_write_command
 .text.drv_ssd1306_write_data
                0x08001664       0x3c ./Core/Src/driver/drv_ssd1306.o
                0x08001664                drv_ssd1306_write_data
 .text.drv_ssd1306_fill
                0x080016a0       0x34 ./Core/Src/driver/drv_ssd1306.o
                0x080016a0                drv_ssd1306_fill
 .text.drv_ssd1306_update_screen
                0x080016d4       0x60 ./Core/Src/driver/drv_ssd1306.o
                0x080016d4                drv_ssd1306_update_screen
 .text.drv_ssd1306_set_display
                0x08001734       0x3c ./Core/Src/driver/drv_ssd1306.o
                0x08001734                drv_ssd1306_set_display
 .text.drv_ssd1306_set_contrast
                0x08001770       0x28 ./Core/Src/driver/drv_ssd1306.o
                0x08001770                drv_ssd1306_set_contrast
 .text.drv_ssd1306_set_cursor
                0x08001798       0x34 ./Core/Src/driver/drv_ssd1306.o
                0x08001798                drv_ssd1306_set_cursor
 .text.drv_ssd1306_draw_pixel
                0x080017cc       0xac ./Core/Src/driver/drv_ssd1306.o
                0x080017cc                drv_ssd1306_draw_pixel
 .text.drv_ssd1306_write_char
                0x08001878      0x184 ./Core/Src/driver/drv_ssd1306.o
                0x08001878                drv_ssd1306_write_char
 .text.drv_ssd1306_write_string
                0x080019fc       0x4e ./Core/Src/driver/drv_ssd1306.o
                0x080019fc                drv_ssd1306_write_string
 .text.drv_ssd1306_line
                0x08001a4a       0xda ./Core/Src/driver/drv_ssd1306.o
                0x08001a4a                drv_ssd1306_line
 *fill*         0x08001b24        0x4 
 .text.drv_ssd1306_draw_arrow
                0x08001b28      0x248 ./Core/Src/driver/drv_ssd1306.o
                0x08001b28                drv_ssd1306_draw_arrow
 .text.drv_ssd1306_fill_rectangle
                0x08001d70       0x9c ./Core/Src/driver/drv_ssd1306.o
                0x08001d70                drv_ssd1306_fill_rectangle
 .text.drv_ssd1306_fill_circle
                0x08001e0c       0xea ./Core/Src/driver/drv_ssd1306.o
                0x08001e0c                drv_ssd1306_fill_circle
 .text.drv_ssd1306_draw_bitmap
                0x08001ef6       0xba ./Core/Src/driver/drv_ssd1306.o
                0x08001ef6                drv_ssd1306_draw_bitmap
 .text.main     0x08001fb0       0x2e ./Core/Src/main.o
                0x08001fb0                main
 *fill*         0x08001fde        0x2 
 .text.SystemClock_Config
                0x08001fe0       0xd0 ./Core/Src/main.o
                0x08001fe0                SystemClock_Config
 .text.MX_ADC1_Init
                0x080020b0       0xa4 ./Core/Src/main.o
 .text.MX_I2C1_Init
                0x08002154       0x5c ./Core/Src/main.o
 .text.MX_TIM2_Init
                0x080021b0       0x98 ./Core/Src/main.o
 .text.MX_USART2_UART_Init
                0x08002248       0x54 ./Core/Src/main.o
 .text.MX_DMA_Init
                0x0800229c       0x40 ./Core/Src/main.o
 .text.MX_GPIO_Init
                0x080022dc       0xfc ./Core/Src/main.o
 .text.Error_Handler
                0x080023d8        0xc ./Core/Src/main.o
                0x080023d8                Error_Handler
 .text.HAL_MspInit
                0x080023e4       0x50 ./Core/Src/stm32f4xx_hal_msp.o
                0x080023e4                HAL_MspInit
 .text.HAL_ADC_MspInit
                0x08002434       0x98 ./Core/Src/stm32f4xx_hal_msp.o
                0x08002434                HAL_ADC_MspInit
 .text.HAL_I2C_MspInit
                0x080024cc       0x90 ./Core/Src/stm32f4xx_hal_msp.o
                0x080024cc                HAL_I2C_MspInit
 .text.HAL_TIM_Base_MspInit
                0x0800255c       0x4c ./Core/Src/stm32f4xx_hal_msp.o
                0x0800255c                HAL_TIM_Base_MspInit
 .text.HAL_UART_MspInit
                0x080025a8      0x124 ./Core/Src/stm32f4xx_hal_msp.o
                0x080025a8                HAL_UART_MspInit
 .text.NMI_Handler
                0x080026cc        0x8 ./Core/Src/stm32f4xx_it.o
                0x080026cc                NMI_Handler
 .text.HardFault_Handler
                0x080026d4        0x8 ./Core/Src/stm32f4xx_it.o
                0x080026d4                HardFault_Handler
 .text.MemManage_Handler
                0x080026dc        0x8 ./Core/Src/stm32f4xx_it.o
                0x080026dc                MemManage_Handler
 .text.BusFault_Handler
                0x080026e4        0x8 ./Core/Src/stm32f4xx_it.o
                0x080026e4                BusFault_Handler
 .text.UsageFault_Handler
                0x080026ec        0x8 ./Core/Src/stm32f4xx_it.o
                0x080026ec                UsageFault_Handler
 .text.SVC_Handler
                0x080026f4        0xe ./Core/Src/stm32f4xx_it.o
                0x080026f4                SVC_Handler
 .text.DebugMon_Handler
                0x08002702        0xe ./Core/Src/stm32f4xx_it.o
                0x08002702                DebugMon_Handler
 .text.PendSV_Handler
                0x08002710        0xe ./Core/Src/stm32f4xx_it.o
                0x08002710                PendSV_Handler
 .text.SysTick_Handler
                0x0800271e        0xc ./Core/Src/stm32f4xx_it.o
                0x0800271e                SysTick_Handler
 .text.EXTI4_IRQHandler
                0x0800272a        0xe ./Core/Src/stm32f4xx_it.o
                0x0800272a                EXTI4_IRQHandler
 .text.DMA1_Stream5_IRQHandler
                0x08002738       0x14 ./Core/Src/stm32f4xx_it.o
                0x08002738                DMA1_Stream5_IRQHandler
 .text.ADC_IRQHandler
                0x0800274c       0x14 ./Core/Src/stm32f4xx_it.o
                0x0800274c                ADC_IRQHandler
 .text.EXTI9_5_IRQHandler
                0x08002760        0xe ./Core/Src/stm32f4xx_it.o
                0x08002760                EXTI9_5_IRQHandler
 *fill*         0x0800276e        0x2 
 .text.TIM2_IRQHandler
                0x08002770       0x14 ./Core/Src/stm32f4xx_it.o
                0x08002770                TIM2_IRQHandler
 .text.USART2_IRQHandler
                0x08002784       0x14 ./Core/Src/stm32f4xx_it.o
                0x08002784                USART2_IRQHandler
 .text.EXTI15_10_IRQHandler
                0x08002798       0x10 ./Core/Src/stm32f4xx_it.o
                0x08002798                EXTI15_10_IRQHandler
 .text._sbrk    0x080027a8       0x6c ./Core/Src/sysmem.o
                0x080027a8                _sbrk
 .text.SystemInit
                0x08002814       0x24 ./Core/Src/system_stm32f4xx.o
                0x08002814                SystemInit
 .text.ssd1306_starting_screen
                0x08002838       0x30 ./Core/Src/middlewares/draw_ui_icons.o
                0x08002838                ssd1306_starting_screen
 .text.ssd1306_playlist_menu
                0x08002868      0x194 ./Core/Src/middlewares/draw_ui_icons.o
                0x08002868                ssd1306_playlist_menu
 .text.ssd1306_music_player_menu_default
                0x080029fc       0x94 ./Core/Src/middlewares/draw_ui_icons.o
                0x080029fc                ssd1306_music_player_menu_default
 .text.ssd1306_music_player_menu_title
                0x08002a90       0xa4 ./Core/Src/middlewares/draw_ui_icons.o
                0x08002a90                ssd1306_music_player_menu_title
 .text.ssd1306_music_player_menu_play
                0x08002b34       0x40 ./Core/Src/middlewares/draw_ui_icons.o
                0x08002b34                ssd1306_music_player_menu_play
 .text.ssd1306_music_player_menu_pause
                0x08002b74       0x40 ./Core/Src/middlewares/draw_ui_icons.o
                0x08002b74                ssd1306_music_player_menu_pause
 .text.ssd1306_music_player_menu_once
                0x08002bb4       0x40 ./Core/Src/middlewares/draw_ui_icons.o
                0x08002bb4                ssd1306_music_player_menu_once
 .text.ssd1306_music_player_menu_repeat
                0x08002bf4       0x40 ./Core/Src/middlewares/draw_ui_icons.o
                0x08002bf4                ssd1306_music_player_menu_repeat
 .text.ssd1306_music_player_menu_randomize
                0x08002c34       0x40 ./Core/Src/middlewares/draw_ui_icons.o
                0x08002c34                ssd1306_music_player_menu_randomize
 .text.ssd1306_draw_menu_button_fsm
                0x08002c74       0xdc ./Core/Src/middlewares/draw_ui_icons.o
                0x08002c74                ssd1306_draw_menu_button_fsm
 .text.ssd1306_select
                0x08002d50       0x78 ./Core/Src/middlewares/draw_ui_icons.o
                0x08002d50                ssd1306_select
 .text.ssd1306_deselect
                0x08002dc8       0x78 ./Core/Src/middlewares/draw_ui_icons.o
                0x08002dc8                ssd1306_deselect
 .text.ssd1306_deselect_fsm
                0x08002e40       0xf0 ./Core/Src/middlewares/draw_ui_icons.o
                0x08002e40                ssd1306_deselect_fsm
 .text.ssd1306_icon_transition
                0x08002f30       0x70 ./Core/Src/middlewares/draw_ui_icons.o
                0x08002f30                ssd1306_icon_transition
 .text.ssd1306_scroll_string
                0x08002fa0      0x14c ./Core/Src/middlewares/draw_ui_icons.o
                0x08002fa0                ssd1306_scroll_string
 .text.ssd1306_get_scroll_flag
                0x080030ec       0x18 ./Core/Src/middlewares/draw_ui_icons.o
                0x080030ec                ssd1306_get_scroll_flag
 .text.ssd1306_set_scroll_flag
                0x08003104       0x20 ./Core/Src/middlewares/draw_ui_icons.o
                0x08003104                ssd1306_set_scroll_flag
 .text.get_song_name_info
                0x08003124       0x2c ./Core/Src/middlewares/list_song.o
                0x08003124                get_song_name_info
 .text.system_display_init
                0x08003150       0x18 ./Core/Src/sys/system_display.o
                0x08003150                system_display_init
 .text.system_display_boot_state
                0x08003168       0x10 ./Core/Src/sys/system_display.o
                0x08003168                system_display_boot_state
 .text.system_display_wait_state
                0x08003178        0xe ./Core/Src/sys/system_display.o
                0x08003178                system_display_wait_state
 .text.system_display_playlist_state
                0x08003186       0x20 ./Core/Src/sys/system_display.o
                0x08003186                system_display_playlist_state
 .text.system_display_music_player_default_state
                0x080031a6       0x28 ./Core/Src/sys/system_display.o
                0x080031a6                system_display_music_player_default_state
 .text.system_display_music_player_title_state
                0x080031ce       0x20 ./Core/Src/sys/system_display.o
                0x080031ce                system_display_music_player_title_state
 .text.system_display_music_player_playback_state
                0x080031ee       0x2c ./Core/Src/sys/system_display.o
                0x080031ee                system_display_music_player_playback_state
 .text.system_display_music_player_play_mode_state
                0x0800321a       0x3a ./Core/Src/sys/system_display.o
                0x0800321a                system_display_music_player_play_mode_state
 .text.system_manager_init
                0x08003254       0x2c ./Core/Src/sys/system_manager.o
                0x08003254                system_manager_init
 .text.system_manager_run
                0x08003280       0xc8 ./Core/Src/sys/system_manager.o
                0x08003280                system_manager_run
 .text.system_manager_check_state
                0x08003348      0x3d8 ./Core/Src/sys/system_manager.o
 .text.Reset_Handler
                0x08003720       0x50 ./Core/Startup/startup_stm32f411vetx.o
                0x08003720                Reset_Handler
 .text.Default_Handler
                0x08003770        0x2 ./Core/Startup/startup_stm32f411vetx.o
                0x08003770                RTC_Alarm_IRQHandler
                0x08003770                EXTI2_IRQHandler
                0x08003770                SPI4_IRQHandler
                0x08003770                TIM1_CC_IRQHandler
                0x08003770                DMA2_Stream5_IRQHandler
                0x08003770                PVD_IRQHandler
                0x08003770                SDIO_IRQHandler
                0x08003770                TAMP_STAMP_IRQHandler
                0x08003770                EXTI3_IRQHandler
                0x08003770                TIM1_UP_TIM10_IRQHandler
                0x08003770                I2C3_ER_IRQHandler
                0x08003770                EXTI0_IRQHandler
                0x08003770                I2C2_EV_IRQHandler
                0x08003770                DMA1_Stream2_IRQHandler
                0x08003770                FPU_IRQHandler
                0x08003770                DMA2_Stream2_IRQHandler
                0x08003770                SPI1_IRQHandler
                0x08003770                TIM1_BRK_TIM9_IRQHandler
                0x08003770                DMA2_Stream3_IRQHandler
                0x08003770                USART6_IRQHandler
                0x08003770                DMA2_Stream0_IRQHandler
                0x08003770                TIM4_IRQHandler
                0x08003770                I2C1_EV_IRQHandler
                0x08003770                DMA1_Stream6_IRQHandler
                0x08003770                DMA1_Stream1_IRQHandler
                0x08003770                TIM3_IRQHandler
                0x08003770                RCC_IRQHandler
                0x08003770                Default_Handler
                0x08003770                DMA1_Stream7_IRQHandler
                0x08003770                SPI5_IRQHandler
                0x08003770                TIM5_IRQHandler
                0x08003770                DMA2_Stream7_IRQHandler
                0x08003770                I2C3_EV_IRQHandler
                0x08003770                RTC_WKUP_IRQHandler
                0x08003770                SPI2_IRQHandler
                0x08003770                DMA1_Stream0_IRQHandler
                0x08003770                WWDG_IRQHandler
                0x08003770                OTG_FS_WKUP_IRQHandler
                0x08003770                TIM1_TRG_COM_TIM11_IRQHandler
                0x08003770                EXTI1_IRQHandler
                0x08003770                I2C2_ER_IRQHandler
                0x08003770                DMA2_Stream1_IRQHandler
                0x08003770                FLASH_IRQHandler
                0x08003770                DMA2_Stream4_IRQHandler
                0x08003770                USART1_IRQHandler
                0x08003770                OTG_FS_IRQHandler
                0x08003770                SPI3_IRQHandler
                0x08003770                DMA1_Stream4_IRQHandler
                0x08003770                I2C1_ER_IRQHandler
                0x08003770                DMA2_Stream6_IRQHandler
                0x08003770                DMA1_Stream3_IRQHandler
 *fill*         0x08003772        0x2 
 .text.HAL_Init
                0x08003774       0x44 ./Drivers/STM32F4xx_HAL_Driver/Src/stm32f4xx_hal.o
                0x08003774                HAL_Init
 .text.HAL_InitTick
                0x080037b8       0x60 ./Drivers/STM32F4xx_HAL_Driver/Src/stm32f4xx_hal.o
                0x080037b8                HAL_InitTick
 .text.HAL_IncTick
                0x08003818       0x28 ./Drivers/STM32F4xx_HAL_Driver/Src/stm32f4xx_hal.o
                0x08003818                HAL_IncTick
 .text.HAL_GetTick
                0x08003840       0x18 ./Drivers/STM32F4xx_HAL_Driver/Src/stm32f4xx_hal.o
                0x08003840                HAL_GetTick
 .text.HAL_Delay
                0x08003858       0x48 ./Drivers/STM32F4xx_HAL_Driver/Src/stm32f4xx_hal.o
                0x08003858                HAL_Delay
 .text.HAL_ADC_Init
                0x080038a0       0x86 ./Drivers/STM32F4xx_HAL_Driver/Src/stm32f4xx_hal_adc.o
                0x080038a0                HAL_ADC_Init
 *fill*         0x08003926        0x2 
 .text.HAL_ADC_Start_IT
                0x08003928      0x17c ./Drivers/STM32F4xx_HAL_Driver/Src/stm32f4xx_hal_adc.o
                0x08003928                HAL_ADC_Start_IT
 .text.HAL_ADC_Stop_IT
                0x08003aa4       0x7a ./Drivers/STM32F4xx_HAL_Driver/Src/stm32f4xx_hal_adc.o
                0x08003aa4                HAL_ADC_Stop_IT
 .text.HAL_ADC_IRQHandler
                0x08003b1e      0x220 ./Drivers/STM32F4xx_HAL_Driver/Src/stm32f4xx_hal_adc.o
                0x08003b1e                HAL_ADC_IRQHandler
 .text.HAL_ADC_GetValue
                0x08003d3e       0x1a ./Drivers/STM32F4xx_HAL_Driver/Src/stm32f4xx_hal_adc.o
                0x08003d3e                HAL_ADC_GetValue
 .text.HAL_ADC_LevelOutOfWindowCallback
                0x08003d58       0x14 ./Drivers/STM32F4xx_HAL_Driver/Src/stm32f4xx_hal_adc.o
                0x08003d58                HAL_ADC_LevelOutOfWindowCallback
 .text.HAL_ADC_ErrorCallback
                0x08003d6c       0x14 ./Drivers/STM32F4xx_HAL_Driver/Src/stm32f4xx_hal_adc.o
                0x08003d6c                HAL_ADC_ErrorCallback
 .text.HAL_ADC_ConfigChannel
                0x08003d80      0x264 ./Drivers/STM32F4xx_HAL_Driver/Src/stm32f4xx_hal_adc.o
                0x08003d80                HAL_ADC_ConfigChannel
 .text.ADC_Init
                0x08003fe4      0x1f8 ./Drivers/STM32F4xx_HAL_Driver/Src/stm32f4xx_hal_adc.o
 .text.HAL_ADCEx_InjectedConvCpltCallback
                0x080041dc       0x14 ./Drivers/STM32F4xx_HAL_Driver/Src/stm32f4xx_hal_adc_ex.o
                0x080041dc                HAL_ADCEx_InjectedConvCpltCallback
 .text.__NVIC_SetPriorityGrouping
                0x080041f0       0x48 ./Drivers/STM32F4xx_HAL_Driver/Src/stm32f4xx_hal_cortex.o
 .text.__NVIC_GetPriorityGrouping
                0x08004238       0x1c ./Drivers/STM32F4xx_HAL_Driver/Src/stm32f4xx_hal_cortex.o
 .text.__NVIC_EnableIRQ
                0x08004254       0x3c ./Drivers/STM32F4xx_HAL_Driver/Src/stm32f4xx_hal_cortex.o
 .text.__NVIC_SetPriority
                0x08004290       0x54 ./Drivers/STM32F4xx_HAL_Driver/Src/stm32f4xx_hal_cortex.o
 .text.NVIC_EncodePriority
                0x080042e4       0x66 ./Drivers/STM32F4xx_HAL_Driver/Src/stm32f4xx_hal_cortex.o
 *fill*         0x0800434a        0x2 
 .text.SysTick_Config
                0x0800434c       0x44 ./Drivers/STM32F4xx_HAL_Driver/Src/stm32f4xx_hal_cortex.o
 .text.HAL_NVIC_SetPriorityGrouping
                0x08004390       0x16 ./Drivers/STM32F4xx_HAL_Driver/Src/stm32f4xx_hal_cortex.o
                0x08004390                HAL_NVIC_SetPriorityGrouping
 .text.HAL_NVIC_SetPriority
                0x080043a6       0x38 ./Drivers/STM32F4xx_HAL_Driver/Src/stm32f4xx_hal_cortex.o
                0x080043a6                HAL_NVIC_SetPriority
 .text.HAL_NVIC_EnableIRQ
                0x080043de       0x1c ./Drivers/STM32F4xx_HAL_Driver/Src/stm32f4xx_hal_cortex.o
                0x080043de                HAL_NVIC_EnableIRQ
 .text.HAL_SYSTICK_Config
                0x080043fa       0x18 ./Drivers/STM32F4xx_HAL_Driver/Src/stm32f4xx_hal_cortex.o
                0x080043fa                HAL_SYSTICK_Config
 *fill*         0x08004412        0x2 
 .text.HAL_DMA_Init
                0x08004414      0x15c ./Drivers/STM32F4xx_HAL_Driver/Src/stm32f4xx_hal_dma.o
                0x08004414                HAL_DMA_Init
 .text.HAL_DMA_Abort
                0x08004570       0xe0 ./Drivers/STM32F4xx_HAL_Driver/Src/stm32f4xx_hal_dma.o
                0x08004570                HAL_DMA_Abort
 .text.HAL_DMA_Abort_IT
                0x08004650       0x44 ./Drivers/STM32F4xx_HAL_Driver/Src/stm32f4xx_hal_dma.o
                0x08004650                HAL_DMA_Abort_IT
 .text.HAL_DMA_IRQHandler
                0x08004694      0x314 ./Drivers/STM32F4xx_HAL_Driver/Src/stm32f4xx_hal_dma.o
                0x08004694                HAL_DMA_IRQHandler
 .text.DMA_CalcBaseAndBitshift
                0x080049a8       0x6c ./Drivers/STM32F4xx_HAL_Driver/Src/stm32f4xx_hal_dma.o
 .text.DMA_CheckFifoParam
                0x08004a14       0xf8 ./Drivers/STM32F4xx_HAL_Driver/Src/stm32f4xx_hal_dma.o
 .text.HAL_GPIO_Init
                0x08004b0c      0x308 ./Drivers/STM32F4xx_HAL_Driver/Src/stm32f4xx_hal_gpio.o
                0x08004b0c                HAL_GPIO_Init
 .text.HAL_GPIO_ReadPin
                0x08004e14       0x30 ./Drivers/STM32F4xx_HAL_Driver/Src/stm32f4xx_hal_gpio.o
                0x08004e14                HAL_GPIO_ReadPin
 .text.HAL_GPIO_TogglePin
                0x08004e44       0x34 ./Drivers/STM32F4xx_HAL_Driver/Src/stm32f4xx_hal_gpio.o
                0x08004e44                HAL_GPIO_TogglePin
 .text.HAL_GPIO_EXTI_IRQHandler
                0x08004e78       0x30 ./Drivers/STM32F4xx_HAL_Driver/Src/stm32f4xx_hal_gpio.o
                0x08004e78                HAL_GPIO_EXTI_IRQHandler
 .text.HAL_I2C_Init
                0x08004ea8      0x288 ./Drivers/STM32F4xx_HAL_Driver/Src/stm32f4xx_hal_i2c.o
                0x08004ea8                HAL_I2C_Init
 .text.HAL_I2C_Mem_Write
                0x08005130      0x1f4 ./Drivers/STM32F4xx_HAL_Driver/Src/stm32f4xx_hal_i2c.o
                0x08005130                HAL_I2C_Mem_Write
 .text.HAL_I2C_IsDeviceReady
                0x08005324      0x25c ./Drivers/STM32F4xx_HAL_Driver/Src/stm32f4xx_hal_i2c.o
                0x08005324                HAL_I2C_IsDeviceReady
 .text.HAL_I2C_GetState
                0x08005580       0x1c ./Drivers/STM32F4xx_HAL_Driver/Src/stm32f4xx_hal_i2c.o
                0x08005580                HAL_I2C_GetState
 .text.I2C_RequestMemoryWrite
                0x0800559c      0x12c ./Drivers/STM32F4xx_HAL_Driver/Src/stm32f4xx_hal_i2c.o
 .text.I2C_WaitOnFlagUntilTimeout
                0x080056c8       0xf4 ./Drivers/STM32F4xx_HAL_Driver/Src/stm32f4xx_hal_i2c.o
 .text.I2C_WaitOnMasterAddressFlagUntilTimeout
                0x080057bc      0x140 ./Drivers/STM32F4xx_HAL_Driver/Src/stm32f4xx_hal_i2c.o
 .text.I2C_WaitOnTXEFlagUntilTimeout
                0x080058fc       0x90 ./Drivers/STM32F4xx_HAL_Driver/Src/stm32f4xx_hal_i2c.o
 .text.I2C_WaitOnBTFFlagUntilTimeout
                0x0800598c       0x90 ./Drivers/STM32F4xx_HAL_Driver/Src/stm32f4xx_hal_i2c.o
 .text.I2C_IsAcknowledgeFailed
                0x08005a1c       0x5e ./Drivers/STM32F4xx_HAL_Driver/Src/stm32f4xx_hal_i2c.o
 *fill*         0x08005a7a        0x2 
 .text.HAL_RCC_OscConfig
                0x08005a7c      0x4f0 ./Drivers/STM32F4xx_HAL_Driver/Src/stm32f4xx_hal_rcc.o
                0x08005a7c                HAL_RCC_OscConfig
 .text.HAL_RCC_ClockConfig
                0x08005f6c      0x1cc ./Drivers/STM32F4xx_HAL_Driver/Src/stm32f4xx_hal_rcc.o
                0x08005f6c                HAL_RCC_ClockConfig
 .text.HAL_RCC_GetSysClockFreq
                0x08006138      0x18c ./Drivers/STM32F4xx_HAL_Driver/Src/stm32f4xx_hal_rcc.o
                0x08006138                HAL_RCC_GetSysClockFreq
 .text.HAL_RCC_GetHCLKFreq
                0x080062c4       0x18 ./Drivers/STM32F4xx_HAL_Driver/Src/stm32f4xx_hal_rcc.o
                0x080062c4                HAL_RCC_GetHCLKFreq
 .text.HAL_RCC_GetPCLK1Freq
                0x080062dc       0x28 ./Drivers/STM32F4xx_HAL_Driver/Src/stm32f4xx_hal_rcc.o
                0x080062dc                HAL_RCC_GetPCLK1Freq
 .text.HAL_RCC_GetPCLK2Freq
                0x08006304       0x28 ./Drivers/STM32F4xx_HAL_Driver/Src/stm32f4xx_hal_rcc.o
                0x08006304                HAL_RCC_GetPCLK2Freq
 .text.HAL_TIM_Base_Init
                0x0800632c       0x9e ./Drivers/STM32F4xx_HAL_Driver/Src/stm32f4xx_hal_tim.o
                0x0800632c                HAL_TIM_Base_Init
 *fill*         0x080063ca        0x2 
 .text.HAL_TIM_Base_Start_IT
                0x080063cc       0xc4 ./Drivers/STM32F4xx_HAL_Driver/Src/stm32f4xx_hal_tim.o
                0x080063cc                HAL_TIM_Base_Start_IT
 .text.HAL_TIM_IRQHandler
                0x08006490      0x1e0 ./Drivers/STM32F4xx_HAL_Driver/Src/stm32f4xx_hal_tim.o
                0x08006490                HAL_TIM_IRQHandler
 .text.HAL_TIM_ConfigClockSource
                0x08006670      0x18e ./Drivers/STM32F4xx_HAL_Driver/Src/stm32f4xx_hal_tim.o
                0x08006670                HAL_TIM_ConfigClockSource
 .text.HAL_TIM_OC_DelayElapsedCallback
                0x080067fe       0x14 ./Drivers/STM32F4xx_HAL_Driver/Src/stm32f4xx_hal_tim.o
                0x080067fe                HAL_TIM_OC_DelayElapsedCallback
 .text.HAL_TIM_IC_CaptureCallback
                0x08006812       0x14 ./Drivers/STM32F4xx_HAL_Driver/Src/stm32f4xx_hal_tim.o
                0x08006812                HAL_TIM_IC_CaptureCallback
 .text.HAL_TIM_PWM_PulseFinishedCallback
                0x08006826       0x14 ./Drivers/STM32F4xx_HAL_Driver/Src/stm32f4xx_hal_tim.o
                0x08006826                HAL_TIM_PWM_PulseFinishedCallback
 .text.HAL_TIM_TriggerCallback
                0x0800683a       0x14 ./Drivers/STM32F4xx_HAL_Driver/Src/stm32f4xx_hal_tim.o
                0x0800683a                HAL_TIM_TriggerCallback
 *fill*         0x0800684e        0x2 
 .text.TIM_Base_SetConfig
                0x08006850      0x118 ./Drivers/STM32F4xx_HAL_Driver/Src/stm32f4xx_hal_tim.o
                0x08006850                TIM_Base_SetConfig
 .text.TIM_TI1_ConfigInputStage
                0x08006968       0x5e ./Drivers/STM32F4xx_HAL_Driver/Src/stm32f4xx_hal_tim.o
 .text.TIM_TI2_ConfigInputStage
                0x080069c6       0x60 ./Drivers/STM32F4xx_HAL_Driver/Src/stm32f4xx_hal_tim.o
 .text.TIM_ITRx_SetConfig
                0x08006a26       0x36 ./Drivers/STM32F4xx_HAL_Driver/Src/stm32f4xx_hal_tim.o
 .text.TIM_ETR_SetConfig
                0x08006a5c       0x40 ./Drivers/STM32F4xx_HAL_Driver/Src/stm32f4xx_hal_tim.o
                0x08006a5c                TIM_ETR_SetConfig
 .text.HAL_TIMEx_MasterConfigSynchronization
                0x08006a9c       0xdc ./Drivers/STM32F4xx_HAL_Driver/Src/stm32f4xx_hal_tim_ex.o
                0x08006a9c                HAL_TIMEx_MasterConfigSynchronization
 .text.HAL_TIMEx_CommutCallback
                0x08006b78       0x14 ./Drivers/STM32F4xx_HAL_Driver/Src/stm32f4xx_hal_tim_ex.o
                0x08006b78                HAL_TIMEx_CommutCallback
 .text.HAL_TIMEx_BreakCallback
                0x08006b8c       0x14 ./Drivers/STM32F4xx_HAL_Driver/Src/stm32f4xx_hal_tim_ex.o
                0x08006b8c                HAL_TIMEx_BreakCallback
 .text.HAL_UART_Init
                0x08006ba0       0xa0 ./Drivers/STM32F4xx_HAL_Driver/Src/stm32f4xx_hal_uart.o
                0x08006ba0                HAL_UART_Init
 .text.HAL_UART_Transmit_IT
                0x08006c40       0x6c ./Drivers/STM32F4xx_HAL_Driver/Src/stm32f4xx_hal_uart.o
                0x08006c40                HAL_UART_Transmit_IT
 .text.HAL_UART_IRQHandler
                0x08006cac      0x524 ./Drivers/STM32F4xx_HAL_Driver/Src/stm32f4xx_hal_uart.o
                0x08006cac                HAL_UART_IRQHandler
 .text.HAL_UART_ErrorCallback
                0x080071d0       0x14 ./Drivers/STM32F4xx_HAL_Driver/Src/stm32f4xx_hal_uart.o
                0x080071d0                HAL_UART_ErrorCallback
 .text.HAL_UARTEx_RxEventCallback
                0x080071e4       0x18 ./Drivers/STM32F4xx_HAL_Driver/Src/stm32f4xx_hal_uart.o
                0x080071e4                HAL_UARTEx_RxEventCallback
 .text.UART_EndRxTransfer
                0x080071fc       0xc6 ./Drivers/STM32F4xx_HAL_Driver/Src/stm32f4xx_hal_uart.o
 .text.UART_DMAAbortOnError
                0x080072c2       0x28 ./Drivers/STM32F4xx_HAL_Driver/Src/stm32f4xx_hal_uart.o
 .text.UART_Transmit_IT
                0x080072ea       0xa0 ./Drivers/STM32F4xx_HAL_Driver/Src/stm32f4xx_hal_uart.o
 .text.UART_EndTransmit_IT
                0x0800738a       0x30 ./Drivers/STM32F4xx_HAL_Driver/Src/stm32f4xx_hal_uart.o
 .text.UART_Receive_IT
                0x080073ba      0x17c ./Drivers/STM32F4xx_HAL_Driver/Src/stm32f4xx_hal_uart.o
 *fill*         0x08007536        0x2 
 .text.UART_SetConfig
                0x08007538      0x4e8 ./Drivers/STM32F4xx_HAL_Driver/Src/stm32f4xx_hal_uart.o
 .text.sprintf  0x08007a20       0x40 C:/ST/STM32CubeIDE_1.14.1/STM32CubeIDE/plugins/com.st.stm32cube.ide.mcu.externaltools.gnu-tools-for-stm32.12.3.rel1.win32_1.0.200.202406191623/tools/bin/../lib/gcc/arm-none-eabi/12.3.1/../../../../arm-none-eabi/lib/thumb/v7e-m+fp/hard\libc_nano.a(libc_a-sprintf.o)
                0x08007a20                siprintf
                0x08007a20                sprintf
 .text.memmove  0x08007a60       0x34 C:/ST/STM32CubeIDE_1.14.1/STM32CubeIDE/plugins/com.st.stm32cube.ide.mcu.externaltools.gnu-tools-for-stm32.12.3.rel1.win32_1.0.200.202406191623/tools/bin/../lib/gcc/arm-none-eabi/12.3.1/../../../../arm-none-eabi/lib/thumb/v7e-m+fp/hard\libc_nano.a(libc_a-memmove.o)
                0x08007a60                memmove
 .text.memset   0x08007a94       0x10 C:/ST/STM32CubeIDE_1.14.1/STM32CubeIDE/plugins/com.st.stm32cube.ide.mcu.externaltools.gnu-tools-for-stm32.12.3.rel1.win32_1.0.200.202406191623/tools/bin/../lib/gcc/arm-none-eabi/12.3.1/../../../../arm-none-eabi/lib/thumb/v7e-m+fp/hard\libc_nano.a(libc_a-memset.o)
                0x08007a94                memset
 .text.__errno  0x08007aa4        0xc C:/ST/STM32CubeIDE_1.14.1/STM32CubeIDE/plugins/com.st.stm32cube.ide.mcu.externaltools.gnu-tools-for-stm32.12.3.rel1.win32_1.0.200.202406191623/tools/bin/../lib/gcc/arm-none-eabi/12.3.1/../../../../arm-none-eabi/lib/thumb/v7e-m+fp/hard\libc_nano.a(libc_a-errno.o)
                0x08007aa4                __errno
 .text.__libc_init_array
                0x08007ab0       0x48 C:/ST/STM32CubeIDE_1.14.1/STM32CubeIDE/plugins/com.st.stm32cube.ide.mcu.externaltools.gnu-tools-for-stm32.12.3.rel1.win32_1.0.200.202406191623/tools/bin/../lib/gcc/arm-none-eabi/12.3.1/../../../../arm-none-eabi/lib/thumb/v7e-m+fp/hard\libc_nano.a(libc_a-init.o)
                0x08007ab0                __libc_init_array
 .text.__retarget_lock_acquire_recursive
                0x08007af8        0x2 C:/ST/STM32CubeIDE_1.14.1/STM32CubeIDE/plugins/com.st.stm32cube.ide.mcu.externaltools.gnu-tools-for-stm32.12.3.rel1.win32_1.0.200.202406191623/tools/bin/../lib/gcc/arm-none-eabi/12.3.1/../../../../arm-none-eabi/lib/thumb/v7e-m+fp/hard\libc_nano.a(libc_a-lock.o)
                0x08007af8                __retarget_lock_acquire_recursive
 .text.__retarget_lock_release_recursive
                0x08007afa        0x2 C:/ST/STM32CubeIDE_1.14.1/STM32CubeIDE/plugins/com.st.stm32cube.ide.mcu.externaltools.gnu-tools-for-stm32.12.3.rel1.win32_1.0.200.202406191623/tools/bin/../lib/gcc/arm-none-eabi/12.3.1/../../../../arm-none-eabi/lib/thumb/v7e-m+fp/hard\libc_nano.a(libc_a-lock.o)
                0x08007afa                __retarget_lock_release_recursive
 .text.strcpy   0x08007afc       0x10 C:/ST/STM32CubeIDE_1.14.1/STM32CubeIDE/plugins/com.st.stm32cube.ide.mcu.externaltools.gnu-tools-for-stm32.12.3.rel1.win32_1.0.200.202406191623/tools/bin/../lib/gcc/arm-none-eabi/12.3.1/../../../../arm-none-eabi/lib/thumb/v7e-m+fp/hard\libc_nano.a(libc_a-strcpy.o)
                0x08007afc                strcpy
 .text.memcpy   0x08007b0c       0x1c C:/ST/STM32CubeIDE_1.14.1/STM32CubeIDE/plugins/com.st.stm32cube.ide.mcu.externaltools.gnu-tools-for-stm32.12.3.rel1.win32_1.0.200.202406191623/tools/bin/../lib/gcc/arm-none-eabi/12.3.1/../../../../arm-none-eabi/lib/thumb/v7e-m+fp/hard\libc_nano.a(libc_a-memcpy-stub.o)
                0x08007b0c                memcpy
 .text._free_r  0x08007b28       0x94 C:/ST/STM32CubeIDE_1.14.1/STM32CubeIDE/plugins/com.st.stm32cube.ide.mcu.externaltools.gnu-tools-for-stm32.12.3.rel1.win32_1.0.200.202406191623/tools/bin/../lib/gcc/arm-none-eabi/12.3.1/../../../../arm-none-eabi/lib/thumb/v7e-m+fp/hard\libc_nano.a(libc_a-freer.o)
                0x08007b28                _free_r
 .text.sbrk_aligned
                0x08007bbc       0x44 C:/ST/STM32CubeIDE_1.14.1/STM32CubeIDE/plugins/com.st.stm32cube.ide.mcu.externaltools.gnu-tools-for-stm32.12.3.rel1.win32_1.0.200.202406191623/tools/bin/../lib/gcc/arm-none-eabi/12.3.1/../../../../arm-none-eabi/lib/thumb/v7e-m+fp/hard\libc_nano.a(libc_a-mallocr.o)
 .text._malloc_r
                0x08007c00      0x100 C:/ST/STM32CubeIDE_1.14.1/STM32CubeIDE/plugins/com.st.stm32cube.ide.mcu.externaltools.gnu-tools-for-stm32.12.3.rel1.win32_1.0.200.202406191623/tools/bin/../lib/gcc/arm-none-eabi/12.3.1/../../../../arm-none-eabi/lib/thumb/v7e-m+fp/hard\libc_nano.a(libc_a-mallocr.o)
                0x08007c00                _malloc_r
 .text.__malloc_lock
                0x08007d00        0xc C:/ST/STM32CubeIDE_1.14.1/STM32CubeIDE/plugins/com.st.stm32cube.ide.mcu.externaltools.gnu-tools-for-stm32.12.3.rel1.win32_1.0.200.202406191623/tools/bin/../lib/gcc/arm-none-eabi/12.3.1/../../../../arm-none-eabi/lib/thumb/v7e-m+fp/hard\libc_nano.a(libc_a-mlock.o)
                0x08007d00                __malloc_lock
 .text.__malloc_unlock
                0x08007d0c        0xc C:/ST/STM32CubeIDE_1.14.1/STM32CubeIDE/plugins/com.st.stm32cube.ide.mcu.externaltools.gnu-tools-for-stm32.12.3.rel1.win32_1.0.200.202406191623/tools/bin/../lib/gcc/arm-none-eabi/12.3.1/../../../../arm-none-eabi/lib/thumb/v7e-m+fp/hard\libc_nano.a(libc_a-mlock.o)
                0x08007d0c                __malloc_unlock
 .text.__ssputs_r
                0x08007d18       0xb6 C:/ST/STM32CubeIDE_1.14.1/STM32CubeIDE/plugins/com.st.stm32cube.ide.mcu.externaltools.gnu-tools-for-stm32.12.3.rel1.win32_1.0.200.202406191623/tools/bin/../lib/gcc/arm-none-eabi/12.3.1/../../../../arm-none-eabi/lib/thumb/v7e-m+fp/hard\libc_nano.a(libc_a-nano-svfprintf.o)
                0x08007d18                __ssputs_r
 *fill*         0x08007dce        0x2 
 .text._svfprintf_r
                0x08007dd0      0x1f8 C:/ST/STM32CubeIDE_1.14.1/STM32CubeIDE/plugins/com.st.stm32cube.ide.mcu.externaltools.gnu-tools-for-stm32.12.3.rel1.win32_1.0.200.202406191623/tools/bin/../lib/gcc/arm-none-eabi/12.3.1/../../../../arm-none-eabi/lib/thumb/v7e-m+fp/hard\libc_nano.a(libc_a-nano-svfprintf.o)
                0x08007dd0                _svfiprintf_r
                0x08007dd0                _svfprintf_r
 .text._printf_common
                0x08007fc8       0xda C:/ST/STM32CubeIDE_1.14.1/STM32CubeIDE/plugins/com.st.stm32cube.ide.mcu.externaltools.gnu-tools-for-stm32.12.3.rel1.win32_1.0.200.202406191623/tools/bin/../lib/gcc/arm-none-eabi/12.3.1/../../../../arm-none-eabi/lib/thumb/v7e-m+fp/hard\libc_nano.a(libc_a-nano-vfprintf_i.o)
                0x08007fc8                _printf_common
 *fill*         0x080080a2        0x2 
 .text._printf_i
                0x080080a4      0x240 C:/ST/STM32CubeIDE_1.14.1/STM32CubeIDE/plugins/com.st.stm32cube.ide.mcu.externaltools.gnu-tools-for-stm32.12.3.rel1.win32_1.0.200.202406191623/tools/bin/../lib/gcc/arm-none-eabi/12.3.1/../../../../arm-none-eabi/lib/thumb/v7e-m+fp/hard\libc_nano.a(libc_a-nano-vfprintf_i.o)
                0x080080a4                _printf_i
 .text._sbrk_r  0x080082e4       0x20 C:/ST/STM32CubeIDE_1.14.1/STM32CubeIDE/plugins/com.st.stm32cube.ide.mcu.externaltools.gnu-tools-for-stm32.12.3.rel1.win32_1.0.200.202406191623/tools/bin/../lib/gcc/arm-none-eabi/12.3.1/../../../../arm-none-eabi/lib/thumb/v7e-m+fp/hard\libc_nano.a(libc_a-sbrkr.o)
                0x080082e4                _sbrk_r
 .text._realloc_r
                0x08008304       0x5c C:/ST/STM32CubeIDE_1.14.1/STM32CubeIDE/plugins/com.st.stm32cube.ide.mcu.externaltools.gnu-tools-for-stm32.12.3.rel1.win32_1.0.200.202406191623/tools/bin/../lib/gcc/arm-none-eabi/12.3.1/../../../../arm-none-eabi/lib/thumb/v7e-m+fp/hard\libc_nano.a(libc_a-reallocr.o)
                0x08008304                _realloc_r
 .text._malloc_usable_size_r
                0x08008360       0x10 C:/ST/STM32CubeIDE_1.14.1/STM32CubeIDE/plugins/com.st.stm32cube.ide.mcu.externaltools.gnu-tools-for-stm32.12.3.rel1.win32_1.0.200.202406191623/tools/bin/../lib/gcc/arm-none-eabi/12.3.1/../../../../arm-none-eabi/lib/thumb/v7e-m+fp/hard\libc_nano.a(libc_a-msizer.o)
                0x08008360                _malloc_usable_size_r
 .text.atan2    0x08008370        0x4 C:/ST/STM32CubeIDE_1.14.1/STM32CubeIDE/plugins/com.st.stm32cube.ide.mcu.externaltools.gnu-tools-for-stm32.12.3.rel1.win32_1.0.200.202406191623/tools/bin/../lib/gcc/arm-none-eabi/12.3.1/../../../../arm-none-eabi/lib/thumb/v7e-m+fp/hard\libm.a(libm_a-w_atan2.o)
                0x08008370                atan2
 *fill*         0x08008374        0x4 
 .text.cos      0x08008378       0xa8 C:/ST/STM32CubeIDE_1.14.1/STM32CubeIDE/plugins/com.st.stm32cube.ide.mcu.externaltools.gnu-tools-for-stm32.12.3.rel1.win32_1.0.200.202406191623/tools/bin/../lib/gcc/arm-none-eabi/12.3.1/../../../../arm-none-eabi/lib/thumb/v7e-m+fp/hard\libm.a(libm_a-s_cos.o)
                0x08008378                cos
 .text.sin      0x08008420       0xa8 C:/ST/STM32CubeIDE_1.14.1/STM32CubeIDE/plugins/com.st.stm32cube.ide.mcu.externaltools.gnu-tools-for-stm32.12.3.rel1.win32_1.0.200.202406191623/tools/bin/../lib/gcc/arm-none-eabi/12.3.1/../../../../arm-none-eabi/lib/thumb/v7e-m+fp/hard\libm.a(libm_a-s_sin.o)
                0x08008420                sin
 .text.__kernel_cos
                0x080084c8      0x18c C:/ST/STM32CubeIDE_1.14.1/STM32CubeIDE/plugins/com.st.stm32cube.ide.mcu.externaltools.gnu-tools-for-stm32.12.3.rel1.win32_1.0.200.202406191623/tools/bin/../lib/gcc/arm-none-eabi/12.3.1/../../../../arm-none-eabi/lib/thumb/v7e-m+fp/hard\libm.a(libm_a-k_cos.o)
                0x080084c8                __kernel_cos
 *fill*         0x08008654        0x4 
 .text.__kernel_sin
                0x08008658      0x174 C:/ST/STM32CubeIDE_1.14.1/STM32CubeIDE/plugins/com.st.stm32cube.ide.mcu.externaltools.gnu-tools-for-stm32.12.3.rel1.win32_1.0.200.202406191623/tools/bin/../lib/gcc/arm-none-eabi/12.3.1/../../../../arm-none-eabi/lib/thumb/v7e-m+fp/hard\libm.a(libm_a-k_sin.o)
                0x08008658                __kernel_sin
 *fill*         0x080087cc        0x4 
 .text.__ieee754_atan2
                0x080087d0      0x18c C:/ST/STM32CubeIDE_1.14.1/STM32CubeIDE/plugins/com.st.stm32cube.ide.mcu.externaltools.gnu-tools-for-stm32.12.3.rel1.win32_1.0.200.202406191623/tools/bin/../lib/gcc/arm-none-eabi/12.3.1/../../../../arm-none-eabi/lib/thumb/v7e-m+fp/hard\libm.a(libm_a-e_atan2.o)
                0x080087d0                __ieee754_atan2
 *fill*         0x0800895c        0x4 
 .text.__ieee754_rem_pio2
                0x08008960      0x3f8 C:/ST/STM32CubeIDE_1.14.1/STM32CubeIDE/plugins/com.st.stm32cube.ide.mcu.externaltools.gnu-tools-for-stm32.12.3.rel1.win32_1.0.200.202406191623/tools/bin/../lib/gcc/arm-none-eabi/12.3.1/../../../../arm-none-eabi/lib/thumb/v7e-m+fp/hard\libm.a(libm_a-e_rem_pio2.o)
                0x08008960                __ieee754_rem_pio2
 .text.atan     0x08008d58      0x330 C:/ST/STM32CubeIDE_1.14.1/STM32CubeIDE/plugins/com.st.stm32cube.ide.mcu.externaltools.gnu-tools-for-stm32.12.3.rel1.win32_1.0.200.202406191623/tools/bin/../lib/gcc/arm-none-eabi/12.3.1/../../../../arm-none-eabi/lib/thumb/v7e-m+fp/hard\libm.a(libm_a-s_atan.o)
                0x08008d58                atan
 .text.fabs     0x08009088       0x10 C:/ST/STM32CubeIDE_1.14.1/STM32CubeIDE/plugins/com.st.stm32cube.ide.mcu.externaltools.gnu-tools-for-stm32.12.3.rel1.win32_1.0.200.202406191623/tools/bin/../lib/gcc/arm-none-eabi/12.3.1/../../../../arm-none-eabi/lib/thumb/v7e-m+fp/hard\libm.a(libm_a-s_fabs.o)
                0x08009088                fabs
 .text.__kernel_rem_pio2
                0x08009098      0x6b0 C:/ST/STM32CubeIDE_1.14.1/STM32CubeIDE/plugins/com.st.stm32cube.ide.mcu.externaltools.gnu-tools-for-stm32.12.3.rel1.win32_1.0.200.202406191623/tools/bin/../lib/gcc/arm-none-eabi/12.3.1/../../../../arm-none-eabi/lib/thumb/v7e-m+fp/hard\libm.a(libm_a-k_rem_pio2.o)
                0x08009098                __kernel_rem_pio2
 .text.scalbn   0x08009748       0xfc C:/ST/STM32CubeIDE_1.14.1/STM32CubeIDE/plugins/com.st.stm32cube.ide.mcu.externaltools.gnu-tools-for-stm32.12.3.rel1.win32_1.0.200.202406191623/tools/bin/../lib/gcc/arm-none-eabi/12.3.1/../../../../arm-none-eabi/lib/thumb/v7e-m+fp/hard\libm.a(libm_a-s_scalbn.o)
                0x08009748                scalbn
 *fill*         0x08009844        0x4 
 .text.floor    0x08009848       0xf8 C:/ST/STM32CubeIDE_1.14.1/STM32CubeIDE/plugins/com.st.stm32cube.ide.mcu.externaltools.gnu-tools-for-stm32.12.3.rel1.win32_1.0.200.202406191623/tools/bin/../lib/gcc/arm-none-eabi/12.3.1/../../../../arm-none-eabi/lib/thumb/v7e-m+fp/hard\libm.a(libm_a-s_floor.o)
                0x08009848                floor
 *(.glue_7)
 .glue_7        0x08009940        0x0 linker stubs
 *(.glue_7t)
 .glue_7t       0x08009940        0x0 linker stubs
 *(.eh_frame)
 .eh_frame      0x08009940        0x0 C:/ST/STM32CubeIDE_1.14.1/STM32CubeIDE/plugins/com.st.stm32cube.ide.mcu.externaltools.gnu-tools-for-stm32.12.3.rel1.win32_1.0.200.202406191623/tools/bin/../lib/gcc/arm-none-eabi/12.3.1/thumb/v7e-m+fp/hard/crtbegin.o
 *(.init)
 .init          0x08009940        0x4 C:/ST/STM32CubeIDE_1.14.1/STM32CubeIDE/plugins/com.st.stm32cube.ide.mcu.externaltools.gnu-tools-for-stm32.12.3.rel1.win32_1.0.200.202406191623/tools/bin/../lib/gcc/arm-none-eabi/12.3.1/thumb/v7e-m+fp/hard/crti.o
                0x08009940                _init
 .init          0x08009944        0x8 C:/ST/STM32CubeIDE_1.14.1/STM32CubeIDE/plugins/com.st.stm32cube.ide.mcu.externaltools.gnu-tools-for-stm32.12.3.rel1.win32_1.0.200.202406191623/tools/bin/../lib/gcc/arm-none-eabi/12.3.1/thumb/v7e-m+fp/hard/crtn.o
 *(.fini)
 .fini          0x0800994c        0x4 C:/ST/STM32CubeIDE_1.14.1/STM32CubeIDE/plugins/com.st.stm32cube.ide.mcu.externaltools.gnu-tools-for-stm32.12.3.rel1.win32_1.0.200.202406191623/tools/bin/../lib/gcc/arm-none-eabi/12.3.1/thumb/v7e-m+fp/hard/crti.o
                0x0800994c                _fini
 .fini          0x08009950        0x8 C:/ST/STM32CubeIDE_1.14.1/STM32CubeIDE/plugins/com.st.stm32cube.ide.mcu.externaltools.gnu-tools-for-stm32.12.3.rel1.win32_1.0.200.202406191623/tools/bin/../lib/gcc/arm-none-eabi/12.3.1/thumb/v7e-m+fp/hard/crtn.o
                0x08009958                        . = ALIGN (0x4)
                0x08009958                        _etext = .

.vfp11_veneer   0x08009958        0x0
 .vfp11_veneer  0x08009958        0x0 linker stubs

.v4_bx          0x08009958        0x0
 .v4_bx         0x08009958        0x0 linker stubs

.iplt           0x08009958        0x0
 .iplt          0x08009958        0x0 C:/ST/STM32CubeIDE_1.14.1/STM32CubeIDE/plugins/com.st.stm32cube.ide.mcu.externaltools.gnu-tools-for-stm32.12.3.rel1.win32_1.0.200.202406191623/tools/bin/../lib/gcc/arm-none-eabi/12.3.1/thumb/v7e-m+fp/hard/crtbegin.o

.rodata         0x08009958     0x19e8
                0x08009958                        . = ALIGN (0x4)
 *(.rodata)
 .rodata        0x08009958       0x13 ./Core/Src/middlewares/draw_ui_icons.o
 *fill*         0x0800996b        0x1 
 .rodata        0x0800996c      0x1a5 ./Core/Src/middlewares/list_song.o
 *(.rodata*)
 *fill*         0x08009b11        0x3 
 .rodata.AHBPrescTable
                0x08009b14       0x10 ./Core/Src/system_stm32f4xx.o
                0x08009b14                AHBPrescTable
 .rodata.APBPrescTable
                0x08009b24        0x8 ./Core/Src/system_stm32f4xx.o
                0x08009b24                APBPrescTable
 .rodata.playlist_24x24
                0x08009b2c       0x48 ./Core/Src/middlewares/draw_ui_icons.o
                0x08009b2c                playlist_24x24
 .rodata.malkman_128x64
                0x08009b74      0x400 ./Core/Src/middlewares/draw_ui_icons.o
                0x08009b74                malkman_128x64
 .rodata.play_button_32x32
                0x08009f74       0x80 ./Core/Src/middlewares/draw_ui_icons.o
                0x08009f74                play_button_32x32
 .rodata.pause_button_32x32
                0x08009ff4       0x80 ./Core/Src/middlewares/draw_ui_icons.o
                0x08009ff4                pause_button_32x32
 .rodata.repeat_button_32x32
                0x0800a074       0x80 ./Core/Src/middlewares/draw_ui_icons.o
                0x0800a074                repeat_button_32x32
 .rodata.shuffle_button_32x32
                0x0800a0f4       0x80 ./Core/Src/middlewares/draw_ui_icons.o
                0x0800a0f4                shuffle_button_32x32
 .rodata.once_button_32x32
                0x0800a174       0x80 ./Core/Src/middlewares/draw_ui_icons.o
                0x0800a174                once_button_32x32
 .rodata.music_note_icon_64x32
                0x0800a1f4      0x100 ./Core/Src/middlewares/draw_ui_icons.o
                0x0800a1f4                music_note_icon_64x32
 .rodata.font6x8
                0x0800a2f4      0x5f0 ./Core/Src/middlewares/fonts.o
 .rodata.font7x10
                0x0800a8e4      0x76c ./Core/Src/middlewares/fonts.o
                0x0800a8e4                font7x10
 .rodata.font_6x8
                0x0800b050        0xc ./Core/Src/middlewares/fonts.o
                0x0800b050                font_6x8
 .rodata.font_7x10
                0x0800b05c        0xc ./Core/Src/middlewares/fonts.o
                0x0800b05c                font_7x10
 .rodata.list_song_index
                0x0800b068       0x50 ./Core/Src/middlewares/list_song.o
 .rodata.flagBitshiftOffset.0
                0x0800b0b8        0x8 ./Drivers/STM32F4xx_HAL_Driver/Src/stm32f4xx_hal_dma.o
 .rodata._svfprintf_r.str1.1
                0x0800b0c0       0x11 C:/ST/STM32CubeIDE_1.14.1/STM32CubeIDE/plugins/com.st.stm32cube.ide.mcu.externaltools.gnu-tools-for-stm32.12.3.rel1.win32_1.0.200.202406191623/tools/bin/../lib/gcc/arm-none-eabi/12.3.1/../../../../arm-none-eabi/lib/thumb/v7e-m+fp/hard\libc_nano.a(libc_a-nano-svfprintf.o)
 .rodata._printf_i.str1.1
                0x0800b0d1       0x22 C:/ST/STM32CubeIDE_1.14.1/STM32CubeIDE/plugins/com.st.stm32cube.ide.mcu.externaltools.gnu-tools-for-stm32.12.3.rel1.win32_1.0.200.202406191623/tools/bin/../lib/gcc/arm-none-eabi/12.3.1/../../../../arm-none-eabi/lib/thumb/v7e-m+fp/hard\libc_nano.a(libc_a-nano-vfprintf_i.o)
 *fill*         0x0800b0f3        0x5 
 .rodata.CSWTCH.9
                0x0800b0f8       0x18 C:/ST/STM32CubeIDE_1.14.1/STM32CubeIDE/plugins/com.st.stm32cube.ide.mcu.externaltools.gnu-tools-for-stm32.12.3.rel1.win32_1.0.200.202406191623/tools/bin/../lib/gcc/arm-none-eabi/12.3.1/../../../../arm-none-eabi/lib/thumb/v7e-m+fp/hard\libm.a(libm_a-e_atan2.o)
 .rodata.CSWTCH.8
                0x0800b110       0x18 C:/ST/STM32CubeIDE_1.14.1/STM32CubeIDE/plugins/com.st.stm32cube.ide.mcu.externaltools.gnu-tools-for-stm32.12.3.rel1.win32_1.0.200.202406191623/tools/bin/../lib/gcc/arm-none-eabi/12.3.1/../../../../arm-none-eabi/lib/thumb/v7e-m+fp/hard\libm.a(libm_a-e_atan2.o)
 .rodata.npio2_hw
                0x0800b128       0x80 C:/ST/STM32CubeIDE_1.14.1/STM32CubeIDE/plugins/com.st.stm32cube.ide.mcu.externaltools.gnu-tools-for-stm32.12.3.rel1.win32_1.0.200.202406191623/tools/bin/../lib/gcc/arm-none-eabi/12.3.1/../../../../arm-none-eabi/lib/thumb/v7e-m+fp/hard\libm.a(libm_a-e_rem_pio2.o)
 .rodata.two_over_pi
                0x0800b1a8      0x108 C:/ST/STM32CubeIDE_1.14.1/STM32CubeIDE/plugins/com.st.stm32cube.ide.mcu.externaltools.gnu-tools-for-stm32.12.3.rel1.win32_1.0.200.202406191623/tools/bin/../lib/gcc/arm-none-eabi/12.3.1/../../../../arm-none-eabi/lib/thumb/v7e-m+fp/hard\libm.a(libm_a-e_rem_pio2.o)
 .rodata.atanlo
                0x0800b2b0       0x20 C:/ST/STM32CubeIDE_1.14.1/STM32CubeIDE/plugins/com.st.stm32cube.ide.mcu.externaltools.gnu-tools-for-stm32.12.3.rel1.win32_1.0.200.202406191623/tools/bin/../lib/gcc/arm-none-eabi/12.3.1/../../../../arm-none-eabi/lib/thumb/v7e-m+fp/hard\libm.a(libm_a-s_atan.o)
 .rodata.atanhi
                0x0800b2d0       0x20 C:/ST/STM32CubeIDE_1.14.1/STM32CubeIDE/plugins/com.st.stm32cube.ide.mcu.externaltools.gnu-tools-for-stm32.12.3.rel1.win32_1.0.200.202406191623/tools/bin/../lib/gcc/arm-none-eabi/12.3.1/../../../../arm-none-eabi/lib/thumb/v7e-m+fp/hard\libm.a(libm_a-s_atan.o)
 .rodata.PIo2   0x0800b2f0       0x40 C:/ST/STM32CubeIDE_1.14.1/STM32CubeIDE/plugins/com.st.stm32cube.ide.mcu.externaltools.gnu-tools-for-stm32.12.3.rel1.win32_1.0.200.202406191623/tools/bin/../lib/gcc/arm-none-eabi/12.3.1/../../../../arm-none-eabi/lib/thumb/v7e-m+fp/hard\libm.a(libm_a-k_rem_pio2.o)
 .rodata.init_jk
                0x0800b330       0x10 C:/ST/STM32CubeIDE_1.14.1/STM32CubeIDE/plugins/com.st.stm32cube.ide.mcu.externaltools.gnu-tools-for-stm32.12.3.rel1.win32_1.0.200.202406191623/tools/bin/../lib/gcc/arm-none-eabi/12.3.1/../../../../arm-none-eabi/lib/thumb/v7e-m+fp/hard\libm.a(libm_a-k_rem_pio2.o)
                0x0800b340                        . = ALIGN (0x4)

.ARM.extab      0x0800b340        0x0
                0x0800b340                        . = ALIGN (0x4)
 *(.ARM.extab* .gnu.linkonce.armextab.*)
                0x0800b340                        . = ALIGN (0x4)

.ARM            0x0800b340        0x8
                0x0800b340                        . = ALIGN (0x4)
                0x0800b340                        __exidx_start = .
 *(.ARM.exidx*)
 .ARM.exidx     0x0800b340        0x8 C:/ST/STM32CubeIDE_1.14.1/STM32CubeIDE/plugins/com.st.stm32cube.ide.mcu.externaltools.gnu-tools-for-stm32.12.3.rel1.win32_1.0.200.202406191623/tools/bin/../lib/gcc/arm-none-eabi/12.3.1/../../../../arm-none-eabi/lib/thumb/v7e-m+fp/hard\libc_nano.a(libc_a-strlen.o)
 .ARM.exidx     0x0800b348        0x0 C:/ST/STM32CubeIDE_1.14.1/STM32CubeIDE/plugins/com.st.stm32cube.ide.mcu.externaltools.gnu-tools-for-stm32.12.3.rel1.win32_1.0.200.202406191623/tools/bin/../lib/gcc/arm-none-eabi/12.3.1/../../../../arm-none-eabi/lib/thumb/v7e-m+fp/hard\libc_nano.a(libc_a-memchr.o)
                                  0x8 (size before relaxing)
 .ARM.exidx     0x0800b348        0x0 C:/ST/STM32CubeIDE_1.14.1/STM32CubeIDE/plugins/com.st.stm32cube.ide.mcu.externaltools.gnu-tools-for-stm32.12.3.rel1.win32_1.0.200.202406191623/tools/bin/../lib/gcc/arm-none-eabi/12.3.1/thumb/v7e-m+fp/hard\libgcc.a(_udivmoddi4.o)
                                  0x8 (size before relaxing)
                0x0800b348                        __exidx_end = .
                0x0800b348                        . = ALIGN (0x4)

.rel.dyn        0x0800b348        0x0
 .rel.iplt      0x0800b348        0x0 C:/ST/STM32CubeIDE_1.14.1/STM32CubeIDE/plugins/com.st.stm32cube.ide.mcu.externaltools.gnu-tools-for-stm32.12.3.rel1.win32_1.0.200.202406191623/tools/bin/../lib/gcc/arm-none-eabi/12.3.1/thumb/v7e-m+fp/hard/crtbegin.o

.preinit_array  0x0800b348        0x0
                0x0800b348                        . = ALIGN (0x4)
                0x0800b348                        PROVIDE (__preinit_array_start = .)
 *(.preinit_array*)
                0x0800b348                        PROVIDE (__preinit_array_end = .)
                0x0800b348                        . = ALIGN (0x4)

.init_array     0x0800b348        0x4
                0x0800b348                        . = ALIGN (0x4)
                0x0800b348                        PROVIDE (__init_array_start = .)
 *(SORT_BY_NAME(.init_array.*))
 *(.init_array*)
 .init_array    0x0800b348        0x4 C:/ST/STM32CubeIDE_1.14.1/STM32CubeIDE/plugins/com.st.stm32cube.ide.mcu.externaltools.gnu-tools-for-stm32.12.3.rel1.win32_1.0.200.202406191623/tools/bin/../lib/gcc/arm-none-eabi/12.3.1/thumb/v7e-m+fp/hard/crtbegin.o
                0x0800b34c                        PROVIDE (__init_array_end = .)
                0x0800b34c                        . = ALIGN (0x4)

.fini_array     0x0800b34c        0x4
                0x0800b34c                        . = ALIGN (0x4)
                [!provide]                        PROVIDE (__fini_array_start = .)
 *(SORT_BY_NAME(.fini_array.*))
 *(.fini_array*)
 .fini_array    0x0800b34c        0x4 C:/ST/STM32CubeIDE_1.14.1/STM32CubeIDE/plugins/com.st.stm32cube.ide.mcu.externaltools.gnu-tools-for-stm32.12.3.rel1.win32_1.0.200.202406191623/tools/bin/../lib/gcc/arm-none-eabi/12.3.1/thumb/v7e-m+fp/hard/crtbegin.o
                [!provide]                        PROVIDE (__fini_array_end = .)
                0x0800b350                        . = ALIGN (0x4)
                0x0800b350                        _sidata = LOADADDR (.data)

.data           0x20000000      0x110 load address 0x0800b350
                0x20000000                        . = ALIGN (0x4)
                0x20000000                        _sdata = .
 *(.data)
 *(.data*)
 .data.buttons  0x20000000       0xa0 ./Core/Src/driver/drv_button.o
                0x20000000                buttons
 .data.df_player
                0x200000a0        0xa ./Core/Src/driver/drv_dfplayer.o
                0x200000a0                df_player
 *fill*         0x200000aa        0x2 
 .data.SystemCoreClock
                0x200000ac        0x4 ./Core/Src/system_stm32f4xx.o
                0x200000ac                SystemCoreClock
 .data.system_state
                0x200000b0        0x1 ./Core/Src/sys/system_manager.o
 *fill*         0x200000b1        0x3 
 .data.system_sound_volume
                0x200000b4        0x4 ./Core/Src/sys/system_manager.o
 .data.uwTickPrio
                0x200000b8        0x4 ./Drivers/STM32F4xx_HAL_Driver/Src/stm32f4xx_hal.o
                0x200000b8                uwTickPrio
 .data.uwTickFreq
                0x200000bc        0x1 ./Drivers/STM32F4xx_HAL_Driver/Src/stm32f4xx_hal.o
                0x200000bc                uwTickFreq
 *fill*         0x200000bd        0x3 
 .data._impure_ptr
                0x200000c0        0x4 C:/ST/STM32CubeIDE_1.14.1/STM32CubeIDE/plugins/com.st.stm32cube.ide.mcu.externaltools.gnu-tools-for-stm32.12.3.rel1.win32_1.0.200.202406191623/tools/bin/../lib/gcc/arm-none-eabi/12.3.1/../../../../arm-none-eabi/lib/thumb/v7e-m+fp/hard\libc_nano.a(libc_a-impure.o)
                0x200000c0                _impure_ptr
 .data._impure_data
                0x200000c4       0x4c C:/ST/STM32CubeIDE_1.14.1/STM32CubeIDE/plugins/com.st.stm32cube.ide.mcu.externaltools.gnu-tools-for-stm32.12.3.rel1.win32_1.0.200.202406191623/tools/bin/../lib/gcc/arm-none-eabi/12.3.1/../../../../arm-none-eabi/lib/thumb/v7e-m+fp/hard\libc_nano.a(libc_a-impure.o)
                0x200000c4                _impure_data
 *(.RamFunc)
 *(.RamFunc*)
                0x20000110                        . = ALIGN (0x4)
                0x20000110                        _edata = .

.igot.plt       0x20000110        0x0 load address 0x0800b460
 .igot.plt      0x20000110        0x0 C:/ST/STM32CubeIDE_1.14.1/STM32CubeIDE/plugins/com.st.stm32cube.ide.mcu.externaltools.gnu-tools-for-stm32.12.3.rel1.win32_1.0.200.202406191623/tools/bin/../lib/gcc/arm-none-eabi/12.3.1/thumb/v7e-m+fp/hard/crtbegin.o
                0x20000110                        . = ALIGN (0x4)

.bss            0x20000110      0x714 load address 0x0800b460
                0x20000110                        _sbss = .
                0x20000110                        __bss_start__ = _sbss
 *(.bss)
 .bss           0x20000110       0x1c C:/ST/STM32CubeIDE_1.14.1/STM32CubeIDE/plugins/com.st.stm32cube.ide.mcu.externaltools.gnu-tools-for-stm32.12.3.rel1.win32_1.0.200.202406191623/tools/bin/../lib/gcc/arm-none-eabi/12.3.1/thumb/v7e-m+fp/hard/crtbegin.o
 *(.bss*)
 .bss.transmit_flag
                0x2000012c        0x1 ./Core/Src/bsp/bsp_dfplayer.o
 .bss.receive_flag
                0x2000012d        0x1 ./Core/Src/bsp/bsp_dfplayer.o
 .bss.adc_flag  0x2000012e        0x1 ./Core/Src/bsp/bsp_rotation_sensor.o
 *fill*         0x2000012f        0x1 
 .bss.last_stable_value
                0x20000130        0x2 ./Core/Src/bsp/bsp_rotation_sensor.o
 .bss.driver_volume_value
                0x20000132        0x1 ./Core/Src/driver/drv_rotation_sensor.o
                0x20000132                driver_volume_value
 *fill*         0x20000133        0x1 
 .bss.ssd1306_buffer
                0x20000134      0x400 ./Core/Src/driver/drv_ssd1306.o
 .bss.ssd1306   0x20000534        0x6 ./Core/Src/driver/drv_ssd1306.o
 *fill*         0x2000053a        0x2 
 .bss.hadc1     0x2000053c       0x48 ./Core/Src/main.o
                0x2000053c                hadc1
 .bss.hi2c1     0x20000584       0x54 ./Core/Src/main.o
                0x20000584                hi2c1
 .bss.htim2     0x200005d8       0x48 ./Core/Src/main.o
                0x200005d8                htim2
 .bss.huart2    0x20000620       0x48 ./Core/Src/main.o
                0x20000620                huart2
 .bss.hdma_usart2_rx
                0x20000668       0x60 ./Core/Src/main.o
                0x20000668                hdma_usart2_rx
 .bss.__sbrk_heap_end
                0x200006c8        0x4 ./Core/Src/sysmem.o
 .bss.scroll_flag
                0x200006cc        0x1 ./Core/Src/middlewares/draw_ui_icons.o
 *fill*         0x200006cd        0x3 
 .bss.system_song_id
                0x200006d0        0x4 ./Core/Src/sys/system_manager.o
 .bss.system_title_state
                0x200006d4        0x1 ./Core/Src/sys/system_manager.o
 .bss.system_playback_state
                0x200006d5        0x1 ./Core/Src/sys/system_manager.o
 .bss.system_play_mode_state
                0x200006d6        0x1 ./Core/Src/sys/system_manager.o
 *fill*         0x200006d7        0x1 
 .bss.uwTick    0x200006d8        0x4 ./Drivers/STM32F4xx_HAL_Driver/Src/stm32f4xx_hal.o
                0x200006d8                uwTick
 .bss.__sf      0x200006dc      0x138 C:/ST/STM32CubeIDE_1.14.1/STM32CubeIDE/plugins/com.st.stm32cube.ide.mcu.externaltools.gnu-tools-for-stm32.12.3.rel1.win32_1.0.200.202406191623/tools/bin/../lib/gcc/arm-none-eabi/12.3.1/../../../../arm-none-eabi/lib/thumb/v7e-m+fp/hard\libc_nano.a(libc_a-findfp.o)
                0x200006dc                __sf
 .bss.errno     0x20000814        0x4 C:/ST/STM32CubeIDE_1.14.1/STM32CubeIDE/plugins/com.st.stm32cube.ide.mcu.externaltools.gnu-tools-for-stm32.12.3.rel1.win32_1.0.200.202406191623/tools/bin/../lib/gcc/arm-none-eabi/12.3.1/../../../../arm-none-eabi/lib/thumb/v7e-m+fp/hard\libc_nano.a(libc_a-reent.o)
                0x20000814                errno
 .bss.__lock___malloc_recursive_mutex
                0x20000818        0x1 C:/ST/STM32CubeIDE_1.14.1/STM32CubeIDE/plugins/com.st.stm32cube.ide.mcu.externaltools.gnu-tools-for-stm32.12.3.rel1.win32_1.0.200.202406191623/tools/bin/../lib/gcc/arm-none-eabi/12.3.1/../../../../arm-none-eabi/lib/thumb/v7e-m+fp/hard\libc_nano.a(libc_a-lock.o)
                0x20000818                __lock___malloc_recursive_mutex
 *fill*         0x20000819        0x3 
 .bss.__malloc_sbrk_start
                0x2000081c        0x4 C:/ST/STM32CubeIDE_1.14.1/STM32CubeIDE/plugins/com.st.stm32cube.ide.mcu.externaltools.gnu-tools-for-stm32.12.3.rel1.win32_1.0.200.202406191623/tools/bin/../lib/gcc/arm-none-eabi/12.3.1/../../../../arm-none-eabi/lib/thumb/v7e-m+fp/hard\libc_nano.a(libc_a-mallocr.o)
                0x2000081c                __malloc_sbrk_start
 .bss.__malloc_free_list
                0x20000820        0x4 C:/ST/STM32CubeIDE_1.14.1/STM32CubeIDE/plugins/com.st.stm32cube.ide.mcu.externaltools.gnu-tools-for-stm32.12.3.rel1.win32_1.0.200.202406191623/tools/bin/../lib/gcc/arm-none-eabi/12.3.1/../../../../arm-none-eabi/lib/thumb/v7e-m+fp/hard\libc_nano.a(libc_a-mallocr.o)
                0x20000820                __malloc_free_list
 *(COMMON)
                0x20000824                        . = ALIGN (0x4)
                0x20000824                        _ebss = .
                0x20000824                        __bss_end__ = _ebss

._user_heap_stack
                0x20000824      0x604 load address 0x0800b460
                0x20000828                        . = ALIGN (0x8)
 *fill*         0x20000824        0x4 
                [!provide]                        PROVIDE (end = .)
                0x20000828                        PROVIDE (_end = .)
                0x20000a28                        . = (. + _Min_Heap_Size)
 *fill*         0x20000828      0x200 
                0x20000e28                        . = (. + _Min_Stack_Size)
 *fill*         0x20000a28      0x400 
                0x20000e28                        . = ALIGN (0x8)

/DISCARD/
 libc.a(*)
 libm.a(*)
 libgcc.a(*)

.ARM.attributes
                0x00000000       0x30
 *(.ARM.attributes)
 .ARM.attributes
                0x00000000       0x22 C:/ST/STM32CubeIDE_1.14.1/STM32CubeIDE/plugins/com.st.stm32cube.ide.mcu.externaltools.gnu-tools-for-stm32.12.3.rel1.win32_1.0.200.202406191623/tools/bin/../lib/gcc/arm-none-eabi/12.3.1/thumb/v7e-m+fp/hard/crti.o
 .ARM.attributes
                0x00000022       0x34 C:/ST/STM32CubeIDE_1.14.1/STM32CubeIDE/plugins/com.st.stm32cube.ide.mcu.externaltools.gnu-tools-for-stm32.12.3.rel1.win32_1.0.200.202406191623/tools/bin/../lib/gcc/arm-none-eabi/12.3.1/thumb/v7e-m+fp/hard/crtbegin.o
 .ARM.attributes
                0x00000056       0x34 ./Core/Src/bsp/bsp_dfplayer.o
 .ARM.attributes
                0x0000008a       0x34 ./Core/Src/bsp/bsp_gpio.o
 .ARM.attributes
                0x000000be       0x34 ./Core/Src/bsp/bsp_i2c.o
 .ARM.attributes
                0x000000f2       0x34 ./Core/Src/bsp/bsp_rotation_sensor.o
 .ARM.attributes
                0x00000126       0x34 ./Core/Src/bsp/bsp_timer.o
 .ARM.attributes
                0x0000015a       0x34 ./Core/Src/driver/drv_button.o
 .ARM.attributes
                0x0000018e       0x34 ./Core/Src/driver/drv_dfplayer.o
 .ARM.attributes
                0x000001c2       0x34 ./Core/Src/driver/drv_rotation_sensor.o
 .ARM.attributes
                0x000001f6       0x34 ./Core/Src/driver/drv_ssd1306.o
 .ARM.attributes
                0x0000022a       0x34 ./Core/Src/main.o
 .ARM.attributes
                0x0000025e       0x34 ./Core/Src/stm32f4xx_hal_msp.o
 .ARM.attributes
                0x00000292       0x34 ./Core/Src/stm32f4xx_it.o
 .ARM.attributes
                0x000002c6       0x34 ./Core/Src/sysmem.o
 .ARM.attributes
                0x000002fa       0x34 ./Core/Src/system_stm32f4xx.o
 .ARM.attributes
                0x0000032e       0x34 ./Core/Src/middlewares/draw_ui_icons.o
 .ARM.attributes
                0x00000362       0x34 ./Core/Src/middlewares/fonts.o
 .ARM.attributes
                0x00000396       0x34 ./Core/Src/middlewares/list_song.o
 .ARM.attributes
                0x000003ca       0x34 ./Core/Src/sys/system_display.o
 .ARM.attributes
                0x000003fe       0x34 ./Core/Src/sys/system_manager.o
 .ARM.attributes
                0x00000432       0x21 ./Core/Startup/startup_stm32f411vetx.o
 .ARM.attributes
                0x00000453       0x34 ./Drivers/STM32F4xx_HAL_Driver/Src/stm32f4xx_hal.o
 .ARM.attributes
                0x00000487       0x34 ./Drivers/STM32F4xx_HAL_Driver/Src/stm32f4xx_hal_adc.o
 .ARM.attributes
                0x000004bb       0x34 ./Drivers/STM32F4xx_HAL_Driver/Src/stm32f4xx_hal_adc_ex.o
 .ARM.attributes
                0x000004ef       0x34 ./Drivers/STM32F4xx_HAL_Driver/Src/stm32f4xx_hal_cortex.o
 .ARM.attributes
                0x00000523       0x34 ./Drivers/STM32F4xx_HAL_Driver/Src/stm32f4xx_hal_dma.o
 .ARM.attributes
                0x00000557       0x34 ./Drivers/STM32F4xx_HAL_Driver/Src/stm32f4xx_hal_gpio.o
 .ARM.attributes
                0x0000058b       0x34 ./Drivers/STM32F4xx_HAL_Driver/Src/stm32f4xx_hal_i2c.o
 .ARM.attributes
                0x000005bf       0x34 ./Drivers/STM32F4xx_HAL_Driver/Src/stm32f4xx_hal_rcc.o
 .ARM.attributes
                0x000005f3       0x34 ./Drivers/STM32F4xx_HAL_Driver/Src/stm32f4xx_hal_tim.o
 .ARM.attributes
                0x00000627       0x34 ./Drivers/STM32F4xx_HAL_Driver/Src/stm32f4xx_hal_tim_ex.o
 .ARM.attributes
                0x0000065b       0x34 ./Drivers/STM32F4xx_HAL_Driver/Src/stm32f4xx_hal_uart.o
 .ARM.attributes
                0x0000068f       0x34 C:/ST/STM32CubeIDE_1.14.1/STM32CubeIDE/plugins/com.st.stm32cube.ide.mcu.externaltools.gnu-tools-for-stm32.12.3.rel1.win32_1.0.200.202406191623/tools/bin/../lib/gcc/arm-none-eabi/12.3.1/../../../../arm-none-eabi/lib/thumb/v7e-m+fp/hard\libc_nano.a(libc_a-findfp.o)
 .ARM.attributes
                0x000006c3       0x34 C:/ST/STM32CubeIDE_1.14.1/STM32CubeIDE/plugins/com.st.stm32cube.ide.mcu.externaltools.gnu-tools-for-stm32.12.3.rel1.win32_1.0.200.202406191623/tools/bin/../lib/gcc/arm-none-eabi/12.3.1/../../../../arm-none-eabi/lib/thumb/v7e-m+fp/hard\libc_nano.a(libc_a-sprintf.o)
 .ARM.attributes
                0x000006f7       0x34 C:/ST/STM32CubeIDE_1.14.1/STM32CubeIDE/plugins/com.st.stm32cube.ide.mcu.externaltools.gnu-tools-for-stm32.12.3.rel1.win32_1.0.200.202406191623/tools/bin/../lib/gcc/arm-none-eabi/12.3.1/../../../../arm-none-eabi/lib/thumb/v7e-m+fp/hard\libc_nano.a(libc_a-memmove.o)
 .ARM.attributes
                0x0000072b       0x34 C:/ST/STM32CubeIDE_1.14.1/STM32CubeIDE/plugins/com.st.stm32cube.ide.mcu.externaltools.gnu-tools-for-stm32.12.3.rel1.win32_1.0.200.202406191623/tools/bin/../lib/gcc/arm-none-eabi/12.3.1/../../../../arm-none-eabi/lib/thumb/v7e-m+fp/hard\libc_nano.a(libc_a-memset.o)
 .ARM.attributes
                0x0000075f       0x34 C:/ST/STM32CubeIDE_1.14.1/STM32CubeIDE/plugins/com.st.stm32cube.ide.mcu.externaltools.gnu-tools-for-stm32.12.3.rel1.win32_1.0.200.202406191623/tools/bin/../lib/gcc/arm-none-eabi/12.3.1/../../../../arm-none-eabi/lib/thumb/v7e-m+fp/hard\libc_nano.a(libc_a-reent.o)
 .ARM.attributes
                0x00000793       0x34 C:/ST/STM32CubeIDE_1.14.1/STM32CubeIDE/plugins/com.st.stm32cube.ide.mcu.externaltools.gnu-tools-for-stm32.12.3.rel1.win32_1.0.200.202406191623/tools/bin/../lib/gcc/arm-none-eabi/12.3.1/../../../../arm-none-eabi/lib/thumb/v7e-m+fp/hard\libc_nano.a(libc_a-impure.o)
 .ARM.attributes
                0x000007c7       0x34 C:/ST/STM32CubeIDE_1.14.1/STM32CubeIDE/plugins/com.st.stm32cube.ide.mcu.externaltools.gnu-tools-for-stm32.12.3.rel1.win32_1.0.200.202406191623/tools/bin/../lib/gcc/arm-none-eabi/12.3.1/../../../../arm-none-eabi/lib/thumb/v7e-m+fp/hard\libc_nano.a(libc_a-errno.o)
 .ARM.attributes
                0x000007fb       0x34 C:/ST/STM32CubeIDE_1.14.1/STM32CubeIDE/plugins/com.st.stm32cube.ide.mcu.externaltools.gnu-tools-for-stm32.12.3.rel1.win32_1.0.200.202406191623/tools/bin/../lib/gcc/arm-none-eabi/12.3.1/../../../../arm-none-eabi/lib/thumb/v7e-m+fp/hard\libc_nano.a(libc_a-init.o)
 .ARM.attributes
                0x0000082f       0x34 C:/ST/STM32CubeIDE_1.14.1/STM32CubeIDE/plugins/com.st.stm32cube.ide.mcu.externaltools.gnu-tools-for-stm32.12.3.rel1.win32_1.0.200.202406191623/tools/bin/../lib/gcc/arm-none-eabi/12.3.1/../../../../arm-none-eabi/lib/thumb/v7e-m+fp/hard\libc_nano.a(libc_a-lock.o)
 .ARM.attributes
                0x00000863       0x34 C:/ST/STM32CubeIDE_1.14.1/STM32CubeIDE/plugins/com.st.stm32cube.ide.mcu.externaltools.gnu-tools-for-stm32.12.3.rel1.win32_1.0.200.202406191623/tools/bin/../lib/gcc/arm-none-eabi/12.3.1/../../../../arm-none-eabi/lib/thumb/v7e-m+fp/hard\libc_nano.a(libc_a-strcpy.o)
 .ARM.attributes
                0x00000897       0x34 C:/ST/STM32CubeIDE_1.14.1/STM32CubeIDE/plugins/com.st.stm32cube.ide.mcu.externaltools.gnu-tools-for-stm32.12.3.rel1.win32_1.0.200.202406191623/tools/bin/../lib/gcc/arm-none-eabi/12.3.1/../../../../arm-none-eabi/lib/thumb/v7e-m+fp/hard\libc_nano.a(libc_a-memcpy-stub.o)
 .ARM.attributes
                0x000008cb       0x17 C:/ST/STM32CubeIDE_1.14.1/STM32CubeIDE/plugins/com.st.stm32cube.ide.mcu.externaltools.gnu-tools-for-stm32.12.3.rel1.win32_1.0.200.202406191623/tools/bin/../lib/gcc/arm-none-eabi/12.3.1/../../../../arm-none-eabi/lib/thumb/v7e-m+fp/hard\libc_nano.a(libc_a-strlen.o)
 .ARM.attributes
                0x000008e2       0x34 C:/ST/STM32CubeIDE_1.14.1/STM32CubeIDE/plugins/com.st.stm32cube.ide.mcu.externaltools.gnu-tools-for-stm32.12.3.rel1.win32_1.0.200.202406191623/tools/bin/../lib/gcc/arm-none-eabi/12.3.1/../../../../arm-none-eabi/lib/thumb/v7e-m+fp/hard\libc_nano.a(libc_a-freer.o)
 .ARM.attributes
                0x00000916       0x34 C:/ST/STM32CubeIDE_1.14.1/STM32CubeIDE/plugins/com.st.stm32cube.ide.mcu.externaltools.gnu-tools-for-stm32.12.3.rel1.win32_1.0.200.202406191623/tools/bin/../lib/gcc/arm-none-eabi/12.3.1/../../../../arm-none-eabi/lib/thumb/v7e-m+fp/hard\libc_nano.a(libc_a-mallocr.o)
 .ARM.attributes
                0x0000094a       0x34 C:/ST/STM32CubeIDE_1.14.1/STM32CubeIDE/plugins/com.st.stm32cube.ide.mcu.externaltools.gnu-tools-for-stm32.12.3.rel1.win32_1.0.200.202406191623/tools/bin/../lib/gcc/arm-none-eabi/12.3.1/../../../../arm-none-eabi/lib/thumb/v7e-m+fp/hard\libc_nano.a(libc_a-mlock.o)
 .ARM.attributes
                0x0000097e       0x34 C:/ST/STM32CubeIDE_1.14.1/STM32CubeIDE/plugins/com.st.stm32cube.ide.mcu.externaltools.gnu-tools-for-stm32.12.3.rel1.win32_1.0.200.202406191623/tools/bin/../lib/gcc/arm-none-eabi/12.3.1/../../../../arm-none-eabi/lib/thumb/v7e-m+fp/hard\libc_nano.a(libc_a-nano-svfprintf.o)
 .ARM.attributes
                0x000009b2       0x34 C:/ST/STM32CubeIDE_1.14.1/STM32CubeIDE/plugins/com.st.stm32cube.ide.mcu.externaltools.gnu-tools-for-stm32.12.3.rel1.win32_1.0.200.202406191623/tools/bin/../lib/gcc/arm-none-eabi/12.3.1/../../../../arm-none-eabi/lib/thumb/v7e-m+fp/hard\libc_nano.a(libc_a-nano-vfprintf_i.o)
 .ARM.attributes
                0x000009e6       0x34 C:/ST/STM32CubeIDE_1.14.1/STM32CubeIDE/plugins/com.st.stm32cube.ide.mcu.externaltools.gnu-tools-for-stm32.12.3.rel1.win32_1.0.200.202406191623/tools/bin/../lib/gcc/arm-none-eabi/12.3.1/../../../../arm-none-eabi/lib/thumb/v7e-m+fp/hard\libc_nano.a(libc_a-sbrkr.o)
 .ARM.attributes
                0x00000a1a       0x1c C:/ST/STM32CubeIDE_1.14.1/STM32CubeIDE/plugins/com.st.stm32cube.ide.mcu.externaltools.gnu-tools-for-stm32.12.3.rel1.win32_1.0.200.202406191623/tools/bin/../lib/gcc/arm-none-eabi/12.3.1/../../../../arm-none-eabi/lib/thumb/v7e-m+fp/hard\libc_nano.a(libc_a-memchr.o)
 .ARM.attributes
                0x00000a36       0x34 C:/ST/STM32CubeIDE_1.14.1/STM32CubeIDE/plugins/com.st.stm32cube.ide.mcu.externaltools.gnu-tools-for-stm32.12.3.rel1.win32_1.0.200.202406191623/tools/bin/../lib/gcc/arm-none-eabi/12.3.1/../../../../arm-none-eabi/lib/thumb/v7e-m+fp/hard\libc_nano.a(libc_a-reallocr.o)
 .ARM.attributes
                0x00000a6a       0x34 C:/ST/STM32CubeIDE_1.14.1/STM32CubeIDE/plugins/com.st.stm32cube.ide.mcu.externaltools.gnu-tools-for-stm32.12.3.rel1.win32_1.0.200.202406191623/tools/bin/../lib/gcc/arm-none-eabi/12.3.1/../../../../arm-none-eabi/lib/thumb/v7e-m+fp/hard\libc_nano.a(libc_a-msizer.o)
 .ARM.attributes
                0x00000a9e       0x34 C:/ST/STM32CubeIDE_1.14.1/STM32CubeIDE/plugins/com.st.stm32cube.ide.mcu.externaltools.gnu-tools-for-stm32.12.3.rel1.win32_1.0.200.202406191623/tools/bin/../lib/gcc/arm-none-eabi/12.3.1/../../../../arm-none-eabi/lib/thumb/v7e-m+fp/hard\libm.a(libm_a-w_atan2.o)
 .ARM.attributes
                0x00000ad2       0x34 C:/ST/STM32CubeIDE_1.14.1/STM32CubeIDE/plugins/com.st.stm32cube.ide.mcu.externaltools.gnu-tools-for-stm32.12.3.rel1.win32_1.0.200.202406191623/tools/bin/../lib/gcc/arm-none-eabi/12.3.1/../../../../arm-none-eabi/lib/thumb/v7e-m+fp/hard\libm.a(libm_a-s_cos.o)
 .ARM.attributes
                0x00000b06       0x34 C:/ST/STM32CubeIDE_1.14.1/STM32CubeIDE/plugins/com.st.stm32cube.ide.mcu.externaltools.gnu-tools-for-stm32.12.3.rel1.win32_1.0.200.202406191623/tools/bin/../lib/gcc/arm-none-eabi/12.3.1/../../../../arm-none-eabi/lib/thumb/v7e-m+fp/hard\libm.a(libm_a-s_sin.o)
 .ARM.attributes
                0x00000b3a       0x34 C:/ST/STM32CubeIDE_1.14.1/STM32CubeIDE/plugins/com.st.stm32cube.ide.mcu.externaltools.gnu-tools-for-stm32.12.3.rel1.win32_1.0.200.202406191623/tools/bin/../lib/gcc/arm-none-eabi/12.3.1/../../../../arm-none-eabi/lib/thumb/v7e-m+fp/hard\libm.a(libm_a-k_cos.o)
 .ARM.attributes
                0x00000b6e       0x34 C:/ST/STM32CubeIDE_1.14.1/STM32CubeIDE/plugins/com.st.stm32cube.ide.mcu.externaltools.gnu-tools-for-stm32.12.3.rel1.win32_1.0.200.202406191623/tools/bin/../lib/gcc/arm-none-eabi/12.3.1/../../../../arm-none-eabi/lib/thumb/v7e-m+fp/hard\libm.a(libm_a-k_sin.o)
 .ARM.attributes
                0x00000ba2       0x34 C:/ST/STM32CubeIDE_1.14.1/STM32CubeIDE/plugins/com.st.stm32cube.ide.mcu.externaltools.gnu-tools-for-stm32.12.3.rel1.win32_1.0.200.202406191623/tools/bin/../lib/gcc/arm-none-eabi/12.3.1/../../../../arm-none-eabi/lib/thumb/v7e-m+fp/hard\libm.a(libm_a-e_atan2.o)
 .ARM.attributes
                0x00000bd6       0x34 C:/ST/STM32CubeIDE_1.14.1/STM32CubeIDE/plugins/com.st.stm32cube.ide.mcu.externaltools.gnu-tools-for-stm32.12.3.rel1.win32_1.0.200.202406191623/tools/bin/../lib/gcc/arm-none-eabi/12.3.1/../../../../arm-none-eabi/lib/thumb/v7e-m+fp/hard\libm.a(libm_a-e_rem_pio2.o)
 .ARM.attributes
                0x00000c0a       0x34 C:/ST/STM32CubeIDE_1.14.1/STM32CubeIDE/plugins/com.st.stm32cube.ide.mcu.externaltools.gnu-tools-for-stm32.12.3.rel1.win32_1.0.200.202406191623/tools/bin/../lib/gcc/arm-none-eabi/12.3.1/../../../../arm-none-eabi/lib/thumb/v7e-m+fp/hard\libm.a(libm_a-s_atan.o)
 .ARM.attributes
                0x00000c3e       0x34 C:/ST/STM32CubeIDE_1.14.1/STM32CubeIDE/plugins/com.st.stm32cube.ide.mcu.externaltools.gnu-tools-for-stm32.12.3.rel1.win32_1.0.200.202406191623/tools/bin/../lib/gcc/arm-none-eabi/12.3.1/../../../../arm-none-eabi/lib/thumb/v7e-m+fp/hard\libm.a(libm_a-s_fabs.o)
 .ARM.attributes
                0x00000c72       0x34 C:/ST/STM32CubeIDE_1.14.1/STM32CubeIDE/plugins/com.st.stm32cube.ide.mcu.externaltools.gnu-tools-for-stm32.12.3.rel1.win32_1.0.200.202406191623/tools/bin/../lib/gcc/arm-none-eabi/12.3.1/../../../../arm-none-eabi/lib/thumb/v7e-m+fp/hard\libm.a(libm_a-k_rem_pio2.o)
 .ARM.attributes
                0x00000ca6       0x34 C:/ST/STM32CubeIDE_1.14.1/STM32CubeIDE/plugins/com.st.stm32cube.ide.mcu.externaltools.gnu-tools-for-stm32.12.3.rel1.win32_1.0.200.202406191623/tools/bin/../lib/gcc/arm-none-eabi/12.3.1/../../../../arm-none-eabi/lib/thumb/v7e-m+fp/hard\libm.a(libm_a-s_scalbn.o)
 .ARM.attributes
                0x00000cda       0x34 C:/ST/STM32CubeIDE_1.14.1/STM32CubeIDE/plugins/com.st.stm32cube.ide.mcu.externaltools.gnu-tools-for-stm32.12.3.rel1.win32_1.0.200.202406191623/tools/bin/../lib/gcc/arm-none-eabi/12.3.1/../../../../arm-none-eabi/lib/thumb/v7e-m+fp/hard\libm.a(libm_a-s_floor.o)
 .ARM.attributes
                0x00000d0e       0x22 C:/ST/STM32CubeIDE_1.14.1/STM32CubeIDE/plugins/com.st.stm32cube.ide.mcu.externaltools.gnu-tools-for-stm32.12.3.rel1.win32_1.0.200.202406191623/tools/bin/../lib/gcc/arm-none-eabi/12.3.1/thumb/v7e-m+fp/hard\libgcc.a(_arm_addsubdf3.o)
 .ARM.attributes
                0x00000d30       0x22 C:/ST/STM32CubeIDE_1.14.1/STM32CubeIDE/plugins/com.st.stm32cube.ide.mcu.externaltools.gnu-tools-for-stm32.12.3.rel1.win32_1.0.200.202406191623/tools/bin/../lib/gcc/arm-none-eabi/12.3.1/thumb/v7e-m+fp/hard\libgcc.a(_arm_muldivdf3.o)
 .ARM.attributes
                0x00000d52       0x22 C:/ST/STM32CubeIDE_1.14.1/STM32CubeIDE/plugins/com.st.stm32cube.ide.mcu.externaltools.gnu-tools-for-stm32.12.3.rel1.win32_1.0.200.202406191623/tools/bin/../lib/gcc/arm-none-eabi/12.3.1/thumb/v7e-m+fp/hard\libgcc.a(_arm_cmpdf2.o)
 .ARM.attributes
                0x00000d74       0x22 C:/ST/STM32CubeIDE_1.14.1/STM32CubeIDE/plugins/com.st.stm32cube.ide.mcu.externaltools.gnu-tools-for-stm32.12.3.rel1.win32_1.0.200.202406191623/tools/bin/../lib/gcc/arm-none-eabi/12.3.1/thumb/v7e-m+fp/hard\libgcc.a(_arm_fixdfsi.o)
 .ARM.attributes
                0x00000d96       0x22 C:/ST/STM32CubeIDE_1.14.1/STM32CubeIDE/plugins/com.st.stm32cube.ide.mcu.externaltools.gnu-tools-for-stm32.12.3.rel1.win32_1.0.200.202406191623/tools/bin/../lib/gcc/arm-none-eabi/12.3.1/thumb/v7e-m+fp/hard\libgcc.a(_arm_fixunsdfsi.o)
 .ARM.attributes
                0x00000db8       0x22 C:/ST/STM32CubeIDE_1.14.1/STM32CubeIDE/plugins/com.st.stm32cube.ide.mcu.externaltools.gnu-tools-for-stm32.12.3.rel1.win32_1.0.200.202406191623/tools/bin/../lib/gcc/arm-none-eabi/12.3.1/thumb/v7e-m+fp/hard\libgcc.a(_arm_truncdfsf2.o)
 .ARM.attributes
                0x00000dda       0x22 C:/ST/STM32CubeIDE_1.14.1/STM32CubeIDE/plugins/com.st.stm32cube.ide.mcu.externaltools.gnu-tools-for-stm32.12.3.rel1.win32_1.0.200.202406191623/tools/bin/../lib/gcc/arm-none-eabi/12.3.1/thumb/v7e-m+fp/hard\libgcc.a(_aeabi_uldivmod.o)
 .ARM.attributes
                0x00000dfc       0x34 C:/ST/STM32CubeIDE_1.14.1/STM32CubeIDE/plugins/com.st.stm32cube.ide.mcu.externaltools.gnu-tools-for-stm32.12.3.rel1.win32_1.0.200.202406191623/tools/bin/../lib/gcc/arm-none-eabi/12.3.1/thumb/v7e-m+fp/hard\libgcc.a(_udivmoddi4.o)
 .ARM.attributes
                0x00000e30       0x22 C:/ST/STM32CubeIDE_1.14.1/STM32CubeIDE/plugins/com.st.stm32cube.ide.mcu.externaltools.gnu-tools-for-stm32.12.3.rel1.win32_1.0.200.202406191623/tools/bin/../lib/gcc/arm-none-eabi/12.3.1/thumb/v7e-m+fp/hard\libgcc.a(_dvmd_tls.o)
 .ARM.attributes