../Core/Src/driver/drv_ssd1306.c:39:21:drv_ssd1306_init	8	static
../Core/Src/driver/drv_ssd1306.c:95:21:drv_ssd1306_write_command	32	static
../Core/Src/driver/drv_ssd1306.c:102:21:drv_ssd1306_write_data	32	static
../Core/Src/driver/drv_ssd1306.c:109:21:drv_ssd1306_fill	24	static
../Core/Src/driver/drv_ssd1306.c:116:21:drv_ssd1306_update_screen	16	static
../Core/Src/driver/drv_ssd1306.c:132:21:drv_ssd1306_set_display	24	static
../Core/Src/driver/drv_ssd1306.c:150:21:drv_ssd1306_set_contrast	24	static
../Core/Src/driver/drv_ssd1306.c:159:21:drv_ssd1306_set_cursor	16	static
../Core/Src/driver/drv_ssd1306.c:167:21:drv_ssd1306_draw_pixel	16	static
../Core/Src/driver/drv_ssd1306.c:187:6:drv_ssd1306_write_char	48	static
../Core/Src/driver/drv_ssd1306.c:254:6:drv_ssd1306_write_string	32	static
../Core/Src/driver/drv_ssd1306.c:271:21:drv_ssd1306_line	48	static
../Core/Src/driver/drv_ssd1306.c:303:21:drv_ssd1306_draw_arrow	48	static
../Core/Src/driver/drv_ssd1306.c:325:21:drv_ssd1306_draw_rectangle	32	static
../Core/Src/driver/drv_ssd1306.c:340:21:drv_ssd1306_fill_rectangle	32	static
../Core/Src/driver/drv_ssd1306.c:358:21:drv_ssd1306_draw_circle	40	static
../Core/Src/driver/drv_ssd1306.c:402:21:drv_ssd1306_fill_circle	48	static
../Core/Src/driver/drv_ssd1306.c:450:21:drv_ssd1306_draw_bitmap	24	static
