../Core/Src/driver/drv_dfplayer.c:87:6:dfplayer_track_play	16	static
../Core/Src/driver/drv_dfplayer.c:93:6:dfplayer_track_pause	8	static
../Core/Src/driver/drv_dfplayer.c:95:6:dfplayer_track_play_continue	8	static
../Core/Src/driver/drv_dfplayer.c:97:6:dfplayer_normal_mode_play	8	static
../Core/Src/driver/drv_dfplayer.c:102:6:dfplayer_repeat_mode_play	8	static
../Core/Src/driver/drv_dfplayer.c:107:6:dfplayer_random_mode_play	8	static
../Core/Src/driver/drv_dfplayer.c:117:6:dfplayer_adjust_volume	16	static
../Core/Src/driver/drv_dfplayer.c:119:6:dfplayer_init	8	static
../Core/Src/driver/drv_dfplayer.c:136:6:dfplayer_test	8	static
../Core/Src/driver/drv_dfplayer.c:149:17:dfplayer_cal_checksum	24	static
../Core/Src/driver/drv_dfplayer.c:157:13:dfplayer_send_command	24	static
../Core/Src/driver/drv_dfplayer.c:176:13:dfplayer_init_tf_card	8	static
../Core/Src/driver/drv_dfplayer.c:181:9:dfplayer_get_playing_status	8	static
